Microchip MPLAB XC8 Compiler V1.45 ()

Linker command line:

-W-3 --edf=C:\Program Files (x86)\Microchip\xc8\v1.45\dat\en_msgs.txt -cs \
  -h+dist/simulador/production\FAmeli_Sensor_tempv2.X.production.sym \
  --cmf=dist/simulador/production\FAmeli_Sensor_tempv2.X.production.cmf -z \
  -Q16F628A -oC:\Users\g_fer\AppData\Local\Temp\slro.2 \
  -Mdist/simulador/production/FAmeli_Sensor_tempv2.X.production.map -E1 \
  -ver=XC8 -ASTACK=0A0h-0efh -pstack=STACK -ACODE=00h-07FFh \
  -ASTRCODE=00h-07FFh -ASTRING=00h-0FFhx8 -ACONST=00h-0FFhx8 \
  -AENTRY=00h-0FFhx8 -ACOMMON=070h-07Fh -ABANK0=020h-06Fh -ABANK1=0A0h-0EFh \
  -ABANK2=0120h-014Fh -ARAM=020h-06Fh,0A0h-0EFh,0120h-014Fh \
  -AABS1=020h-07Fh,0A0h-0EFh,0120h-014Fh -ASFR0=00h-01Fh -ASFR1=080h-09Fh \
  -ASFR2=0100h-011Fh -ASFR3=0180h-01EFh \
  -preset_vec=00h,intentry=04h,init,end_init -ppowerup=CODE -pcinit=CODE \
  -pfunctab=ENTRY -ACONFIG=02007h-02007h -pconfig=CONFIG -DCONFIG=2 \
  -AIDLOC=02000h-02003h -pidloc=IDLOC -DIDLOC=2 -AEEDATA=00h-07Fh/02100h \
  -peeprom_data=EEDATA -DEEDATA=2 -DCODE=2 -DSTRCODE=2 -DSTRING=2 -DCONST=2 \
  -DENTRY=2 -k C:\Users\g_fer\AppData\Local\Temp\slro.obj \
  dist/simulador/production\FAmeli_Sensor_tempv2.X.production.obj 

Object code version is 3.11

Machine type is 16F628A



                Name                               Link     Load   Length Selector   Space Scale
C:\Users\g_fer\AppData\Local\Temp\slro.obj
                end_init                             10       10        1        8       0
                reset_vec                             0        0        1        0       0
                config                             2007     2007        1     400E       0
dist/simulador/production\FAmeli_Sensor_tempv2.X.production.obj
                cinit                                11       11        5        8       0
                intentry                              4        4        C        8       0
                text11                              125      125       18        8       0
                text10                              10D      10D       18        8       0
                text9                                BA       BA       2F        8       0
                text8                               161      161        D        8       0
                text7                                82       82       38        8       0
                text6                               17B      17B        5        8       0
                text5                               176      176        5        8       0
                text4                               13D      13D       14        8       0
                text3                                E9       E9       24        8       0
                text2                               151      151       10        8       0
                text1                               16E      16E        8        8       0
                maintext                             16       16       6C        8       0
                cstackBANK0                          20       20       18       20       1
                cstackCOMMON                         70       70        6       70       1
                bssCOMMON                            76       76        3       70       1

TOTAL           Name                               Link     Load   Length     Space
        CLASS   STACK          

        CLASS   CODE           
                end_init                             10       10        1         0
                cinit                                11       11        5         0
                intentry                              4        4        C         0
                reset_vec                             0        0        1         0
                text11                              125      125       18         0
                text10                              10D      10D       18         0
                text9                                BA       BA       2F         0
                text8                               161      161        D         0
                text7                                82       82       38         0
                text6                               17B      17B        5         0
                text5                               176      176        5         0
                text4                               13D      13D       14         0
                text3                                E9       E9       24         0
                text2                               151      151       10         0
                text1                               16E      16E        8         0
                maintext                             16       16       6C         0

        CLASS   STRCODE        

        CLASS   STRING         

        CLASS   CONST          

        CLASS   ENTRY          

        CLASS   COMMON         
                cstackCOMMON                         70       70        6         1
                bssCOMMON                            76       76        3         1

        CLASS   BANK0          
                cstackBANK0                          20       20       18         1

        CLASS   BANK1          

        CLASS   BANK2          

        CLASS   RAM            

        CLASS   ABS1           
                abs_s1                               7E       7E        2         1

        CLASS   SFR0           

        CLASS   SFR1           

        CLASS   SFR2           

        CLASS   SFR3           

        CLASS   CONFIG         
                config                             2007     2007        1         0

        CLASS   IDLOC          

        CLASS   EEDATA         

        CLASS   BANK3          



SEGMENTS        Name                           Load    Length   Top    Selector   Space  Class     Delta

                reset_vec                      000000  000001  000001         0       0  CODE        2
                intentry                       000004  00017C  000180         8       0  CODE        2
                cstackBANK0                    000020  000018  000038        20       1  BANK0       1
                cstackCOMMON                   000070  000009  000079        70       1  COMMON      1
                config                         002007  000001  002008      400E       0  CONFIG      2


UNUSED ADDRESS RANGES

        Name                Unused          Largest block    Delta
        BANK0            0038-006F             38           1
        BANK1            00A0-00EF             50           1
        BANK2            0120-014F             30           1
        CODE             0001-0003              3           2
                         0180-07FF            680
        COMMON           0079-007D              5           1
        CONST            0001-0003              3           2
                         0180-07FF            100
        EEDATA           2100-217F             80           2
        ENTRY            0001-0003              3           2
                         0180-07FF            100
        IDLOC            2000-2003              4           2
        RAM              0038-006F             38           1
                         00A0-00EF             50
                         0120-014F             30
        SFR0             0000-001F             20           1
        SFR1             0080-009F             20           1
        SFR2             0100-011F             20           1
        SFR3             0180-01EF             70           1
        STACK            00A0-00EF             50           1
        STRCODE          0001-0003              3           2
                         0180-07FF            680
        STRING           0001-0003              3           2
                         0180-07FF            100

                                  Symbol Table

?_tickRead                   cstackBANK0  0020
DHT11ReadByte@data           cstackBANK0  0022
DHT11ReadByte@i              cstackBANK0  0023
DHT11StartSignal@tinicio     cstackBANK0  0028
_BRGH                        (abs)        04C2
_CM0                         (abs)        00F8
_CM1                         (abs)        00F9
_CM2                         (abs)        00FA
_CREN                        (abs)        00C4
_DHT11CheckResponse          text10       010D
_DHT11ReadByte               text9        00BA
_DHT11StartSignal            text7        0082
_GIE                         (abs)        005F
_PORTAbits                   (abs)        0005
_PORTBbits                   (abs)        0006
_PS0                         (abs)        0408
_PS1                         (abs)        0409
_PS2                         (abs)        040A
_PSA                         (abs)        040B
_RCIF                        (abs)        0065
_RCREG                       (abs)        001A
_RxMode                      text5        0176
_SPBRG                       (abs)        0099
_SPEN                        (abs)        00C7
_SYNC                        (abs)        04C4
_T0CS                        (abs)        040D
_T2CON                       (abs)        0012
_TMR0                        (abs)        0001
_TMR0IE                      (abs)        005D
_TMR0IF                      (abs)        005A
_TMR2                        (abs)        0011
_TMR2ON                      (abs)        0092
_TRISAbits                   (abs)        0085
_TRISB1                      (abs)        0431
_TRISB2                      (abs)        0432
_TRISBbits                   (abs)        0086
_TXEN                        (abs)        04C5
_TXIF                        (abs)        0064
_TXREG                       (abs)        0019
_TxMode                      text6        017B
__CFG_BOREN$OFF              (abs)        0000
__CFG_CP$OFF                 (abs)        0000
__CFG_CPD$OFF                (abs)        0000
__CFG_FOSC$HS                (abs)        0000
__CFG_LVP$OFF                (abs)        0000
__CFG_MCLRE$OFF              (abs)        0000
__CFG_PWRTE$OFF              (abs)        0000
__CFG_WDTE$OFF               (abs)        0000
__Habs1                      abs1         0000
__Hbank0                     bank0        0000
__Hbank1                     bank1        0000
__Hbank2                     bank2        0000
__Hbank3                     bank3        0000
__HbssCOMMON                 bssCOMMON    0000
__Hcinit                     cinit        0016
__Hclrtext                   clrtext      0000
__Hcode                      code         0000
__Hcommon                    common       0000
__Hconfig                    config       2008
__HcstackBANK0               cstackBANK0  0000
__HcstackCOMMON              cstackCOMMON 0000
__Heeprom_data               eeprom_data  0000
__Hend_init                  end_init     0011
__Hfunctab                   functab      0000
__Hidloc                     idloc        0000
__Hinit                      init         0010
__Hintentry                  intentry     0010
__Hmaintext                  maintext     0000
__Hpowerup                   powerup      0000
__Hram                       ram          0000
__Hreset_vec                 reset_vec    0001
__Hsfr0                      sfr0         0000
__Hsfr1                      sfr1         0000
__Hsfr2                      sfr2         0000
__Hsfr3                      sfr3         0000
__Hspace_0                   (abs)        2008
__Hspace_1                   (abs)        0079
__Hspace_2                   (abs)        0000
__Hspace_3                   (abs)        0000
__Hstack                     stack        0000
__Hstrings                   strings      0000
__Htext                      text         0000
__Labs1                      abs1         0000
__Lbank0                     bank0        0000
__Lbank1                     bank1        0000
__Lbank2                     bank2        0000
__Lbank3                     bank3        0000
__LbssCOMMON                 bssCOMMON    0000
__Lcinit                     cinit        0011
__Lclrtext                   clrtext      0000
__Lcode                      code         0000
__Lcommon                    common       0000
__Lconfig                    config       2007
__LcstackBANK0               cstackBANK0  0000
__LcstackCOMMON              cstackCOMMON 0000
__Leeprom_data               eeprom_data  0000
__Lend_init                  end_init     0010
__Lfunctab                   functab      0000
__Lidloc                     idloc        0000
__Linit                      init         0010
__Lintentry                  intentry     0004
__Lmaintext                  maintext     0000
__Lpowerup                   powerup      0000
__Lram                       ram          0000
__Lreset_vec                 reset_vec    0000
__Lsfr0                      sfr0         0000
__Lsfr1                      sfr1         0000
__Lsfr2                      sfr2         0000
__Lsfr3                      sfr3         0000
__Lspace_0                   (abs)        0000
__Lspace_1                   (abs)        0000
__Lspace_2                   (abs)        0000
__Lspace_3                   (abs)        0000
__Lstack                     stack        0000
__Lstrings                   strings      0000
__Ltext                      text         0000
__S0                         (abs)        2008
__S1                         (abs)        0079
__S2                         (abs)        0000
__S3                         (abs)        0000
___int_sp                    stack        0000
___latbits                   (abs)        0000
___sp                        stack        0000
__end_of_DHT11CheckResponse  text10       0125
__end_of_DHT11ReadByte       text9        00E9
__end_of_DHT11StartSignal    text7        00BA
__end_of_RxMode              text5        017B
__end_of_TxMode              text6        0180
__end_of__initialization     cinit        0014
__end_of_initApp             text3        010D
__end_of_isr                 text11       013D
__end_of_main                maintext     0082
__end_of_tickRead            text8        016E
__end_of_uartConfig          text4        0151
__end_of_uartReadByte        text2        0161
__end_of_uartWriteByte       text1        0176
__initialization             cinit        0011
__pbssCOMMON                 bssCOMMON    0076
__pcstackBANK0               cstackBANK0  0020
__pcstackCOMMON              cstackCOMMON 0070
__pintentry                  intentry     0004
__pmaintext                  maintext     0016
__ptext1                     text1        016E
__ptext10                    text10       010D
__ptext11                    text11       0125
__ptext2                     text2        0151
__ptext3                     text3        00E9
__ptext4                     text4        013D
__ptext5                     text5        0176
__ptext6                     text6        017B
__ptext7                     text7        0082
__ptext8                     text8        0161
__ptext9                     text9        00BA
__size_of_DHT11CheckResponse (abs)        0000
__size_of_DHT11ReadByte      (abs)        0000
__size_of_DHT11StartSignal   (abs)        0000
__size_of_RxMode             (abs)        0000
__size_of_TxMode             (abs)        0000
__size_of_initApp            (abs)        0000
__size_of_isr                (abs)        0000
__size_of_main               (abs)        0000
__size_of_tickRead           (abs)        0000
__size_of_uartConfig         (abs)        0000
__size_of_uartReadByte       (abs)        0000
__size_of_uartWriteByte      (abs)        0000
_initApp                     text3        00E9
_intC                        bssCOMMON    0078
_isr                         text11       0125
_main                        maintext     0016
_tickCounter                 bssCOMMON    0076
_tickRead                    text8        0161
_uartConfig                  text4        013D
_uartReadByte                text2        0151
_uartWriteByte               text1        016E
btemp                        (abs)        007E
end_of_initialization        cinit        0014
interrupt_function           intentry     0004
intlevel0                    functab      0000
intlevel1                    functab      0000
intlevel2                    functab      0000
intlevel3                    functab      0000
intlevel4                    functab      0000
intlevel5                    functab      0000
main@aux                     cstackBANK0  0035
main@data                    cstackBANK0  002E
main@i                       cstackBANK0  0037
main@request                 cstackBANK0  0036
main@tinicio                 cstackBANK0  0033
reset_vec                    reset_vec    0000
saved_w                      (abs)        007E
stackhi                      (abs)        0000
stacklo                      (abs)        0000
start                        init         0010
start_initialization         cinit        0011
tickRead@aux                 cstackBANK0  0022
uartReadByte@receivedByte    cstackBANK0  0020
uartWriteByte@value          cstackCOMMON 0075
wtemp0                       (abs)        007E


FUNCTION INFORMATION:

 *************** function _main *****************
 Defined at:
		line 28 in file "main.c"
 Parameters:    Size  Location     Type
		None
 Auto vars:     Size  Location     Type
  data            5   14[BANK0 ] unsigned char [5]
  tinicio         2   19[BANK0 ] unsigned int 
  i               1   23[BANK0 ] unsigned char 
  request         1   22[BANK0 ] unsigned char 
  aux             1   21[BANK0 ] unsigned char 
 Return value:  Size  Location     Type
                  1    wreg      void 
 Registers used:
		wreg, fsr0l, fsr0h, status,2, status,0, pclath, cstack
 Tracked objects:
		On entry : 
		On exit  : 
		Unchanged: 
 Data sizes:     COMMON   BANK0   BANK1   BANK2
      Params:         0       0       0       0
      Locals:         0      10       0       0
      Temps:          0       4       0       0
      Totals:         0      14       0       0
Total ram usage:       14 bytes
 Hardware stack levels required when called:    3
 This function calls:
		_DHT11CheckResponse
		_DHT11ReadByte
		_DHT11StartSignal
		_RxMode
		_TxMode
		_initApp
		_tickRead
		_uartReadByte
		_uartWriteByte
 This function is called by:
		Startup code after reset
 This function uses a non-reentrant model


 *************** function _uartWriteByte *****************
 Defined at:
		line 104 in file "user.c"
 Parameters:    Size  Location     Type
  value           1    wreg     unsigned char 
 Auto vars:     Size  Location     Type
  value           1    5[COMMON] unsigned char 
 Return value:  Size  Location     Type
                  1    wreg      void 
 Registers used:
		wreg
 Tracked objects:
		On entry : 
		On exit  : 
		Unchanged: 
 Data sizes:     COMMON   BANK0   BANK1   BANK2
      Params:         0       0       0       0
      Locals:         1       0       0       0
      Temps:          0       0       0       0
      Totals:         1       0       0       0
Total ram usage:        1 bytes
 Hardware stack levels used:    1
 Hardware stack levels required when called:    1
 This function calls:
		Nothing
 This function is called by:
		_main
 This function uses a non-reentrant model


 *************** function _uartReadByte *****************
 Defined at:
		line 126 in file "user.c"
 Parameters:    Size  Location     Type
  receivedByte    1    wreg     PTR unsigned char 
		 -> main@aux(1), main@request(1), 
 Auto vars:     Size  Location     Type
  receivedByte    1    0[BANK0 ] PTR unsigned char 
		 -> main@aux(1), main@request(1), 
 Return value:  Size  Location     Type
		None               void
 Registers used:
		wreg, fsr0l, fsr0h, status,2, status,0
 Tracked objects:
		On entry : 
		On exit  : 
		Unchanged: 
 Data sizes:     COMMON   BANK0   BANK1   BANK2
      Params:         0       0       0       0
      Locals:         0       1       0       0
      Temps:          1       0       0       0
      Totals:         1       1       0       0
Total ram usage:        2 bytes
 Hardware stack levels used:    1
 Hardware stack levels required when called:    1
 This function calls:
		Nothing
 This function is called by:
		_main
 This function uses a non-reentrant model


 *************** function _initApp *****************
 Defined at:
		line 41 in file "user.c"
 Parameters:    Size  Location     Type
		None
 Auto vars:     Size  Location     Type
		None
 Return value:  Size  Location     Type
                  1    wreg      void 
 Registers used:
		wreg, status,2, status,0, pclath, cstack
 Tracked objects:
		On entry : 
		On exit  : 
		Unchanged: 
 Data sizes:     COMMON   BANK0   BANK1   BANK2
      Params:         0       0       0       0
      Locals:         0       0       0       0
      Temps:          0       2       0       0
      Totals:         0       2       0       0
Total ram usage:        2 bytes
 Hardware stack levels used:    1
 Hardware stack levels required when called:    2
 This function calls:
		_RxMode
		_uartConfig
 This function is called by:
		_main
 This function uses a non-reentrant model


 *************** function _uartConfig *****************
 Defined at:
		line 165 in file "user.c"
 Parameters:    Size  Location     Type
		None
 Auto vars:     Size  Location     Type
		None
 Return value:  Size  Location     Type
                  1    wreg      void 
 Registers used:
		wreg
 Tracked objects:
		On entry : 
		On exit  : 
		Unchanged: 
 Data sizes:     COMMON   BANK0   BANK1   BANK2
      Params:         0       0       0       0
      Locals:         0       0       0       0
      Temps:          0       0       0       0
      Totals:         0       0       0       0
Total ram usage:        0 bytes
 Hardware stack levels used:    1
 Hardware stack levels required when called:    1
 This function calls:
		Nothing
 This function is called by:
		_initApp
 This function uses a non-reentrant model


 *************** function _RxMode *****************
 Defined at:
		line 189 in file "user.c"
 Parameters:    Size  Location     Type
		None
 Auto vars:     Size  Location     Type
		None
 Return value:  Size  Location     Type
                  1    wreg      void 
 Registers used:
		None
 Tracked objects:
		On entry : 
		On exit  : 
		Unchanged: 
 Data sizes:     COMMON   BANK0   BANK1   BANK2
      Params:         0       0       0       0
      Locals:         0       0       0       0
      Temps:          0       0       0       0
      Totals:         0       0       0       0
Total ram usage:        0 bytes
 Hardware stack levels used:    1
 Hardware stack levels required when called:    1
 This function calls:
		Nothing
 This function is called by:
		_main
		_initApp
 This function uses a non-reentrant model


 *************** function _TxMode *****************
 Defined at:
		line 184 in file "user.c"
 Parameters:    Size  Location     Type
		None
 Auto vars:     Size  Location     Type
		None
 Return value:  Size  Location     Type
                  1    wreg      void 
 Registers used:
		None
 Tracked objects:
		On entry : 
		On exit  : 
		Unchanged: 
 Data sizes:     COMMON   BANK0   BANK1   BANK2
      Params:         0       0       0       0
      Locals:         0       0       0       0
      Temps:          0       0       0       0
      Totals:         0       0       0       0
Total ram usage:        0 bytes
 Hardware stack levels used:    1
 Hardware stack levels required when called:    1
 This function calls:
		Nothing
 This function is called by:
		_main
 This function uses a non-reentrant model


 *************** function _DHT11StartSignal *****************
 Defined at:
		line 16 in file "DHT11.c"
 Parameters:    Size  Location     Type
		None
 Auto vars:     Size  Location     Type
  tinicio         2    8[BANK0 ] unsigned int 
 Return value:  Size  Location     Type
		None               void
 Registers used:
		wreg, status,2, status,0, pclath, cstack
 Tracked objects:
		On entry : 
		On exit  : 
		Unchanged: 
 Data sizes:     COMMON   BANK0   BANK1   BANK2
      Params:         0       0       0       0
      Locals:         0       2       0       0
      Temps:          0       4       0       0
      Totals:         0       6       0       0
Total ram usage:        6 bytes
 Hardware stack levels used:    1
 Hardware stack levels required when called:    2
 This function calls:
		_tickRead
 This function is called by:
		_main
 This function uses a non-reentrant model


 *************** function _tickRead *****************
 Defined at:
		line 150 in file "user.c"
 Parameters:    Size  Location     Type
		None
 Auto vars:     Size  Location     Type
  aux             2    2[BANK0 ] unsigned int 
 Return value:  Size  Location     Type
                  2    0[BANK0 ] unsigned int 
 Registers used:
		wreg
 Tracked objects:
		On entry : 
		On exit  : 
		Unchanged: 
 Data sizes:     COMMON   BANK0   BANK1   BANK2
      Params:         0       2       0       0
      Locals:         0       2       0       0
      Temps:          0       0       0       0
      Totals:         0       4       0       0
Total ram usage:        4 bytes
 Hardware stack levels used:    1
 Hardware stack levels required when called:    1
 This function calls:
		Nothing
 This function is called by:
		_main
		_DHT11StartSignal
 This function uses a non-reentrant model


 *************** function _DHT11ReadByte *****************
 Defined at:
		line 49 in file "DHT11.c"
 Parameters:    Size  Location     Type
  data            1    wreg     PTR unsigned char 
		 -> main@data(5), 
 Auto vars:     Size  Location     Type
  data            1    2[BANK0 ] PTR unsigned char 
		 -> main@data(5), 
  i               1    3[BANK0 ] unsigned char 
 Return value:  Size  Location     Type
		None               void
 Registers used:
		wreg, fsr0l, fsr0h, status,2, status,0
 Tracked objects:
		On entry : 
		On exit  : 
		Unchanged: 
 Data sizes:     COMMON   BANK0   BANK1   BANK2
      Params:         0       0       0       0
      Locals:         0       2       0       0
      Temps:          0       2       0       0
      Totals:         0       4       0       0
Total ram usage:        4 bytes
 Hardware stack levels used:    1
 Hardware stack levels required when called:    1
 This function calls:
		Nothing
 This function is called by:
		_main
 This function uses a non-reentrant model


 *************** function _DHT11CheckResponse *****************
 Defined at:
		line 32 in file "DHT11.c"
 Parameters:    Size  Location     Type
		None
 Auto vars:     Size  Location     Type
		None
 Return value:  Size  Location     Type
		None               void
 Registers used:
		wreg, status,2, status,0
 Tracked objects:
		On entry : 
		On exit  : 
		Unchanged: 
 Data sizes:     COMMON   BANK0   BANK1   BANK2
      Params:         0       0       0       0
      Locals:         0       0       0       0
      Temps:          0       0       0       0
      Totals:         0       0       0       0
Total ram usage:        0 bytes
 Hardware stack levels used:    1
 Hardware stack levels required when called:    1
 This function calls:
		Nothing
 This function is called by:
		_main
 This function uses a non-reentrant model


 *************** function _isr *****************
 Defined at:
		line 30 in file "interrupts.c"
 Parameters:    Size  Location     Type
		None
 Auto vars:     Size  Location     Type
		None
 Return value:  Size  Location     Type
                  1    wreg      void 
 Registers used:
		wreg, status,2, status,0
 Tracked objects:
		On entry : 
		On exit  : 
		Unchanged: 
 Data sizes:     COMMON   BANK0   BANK1   BANK2
      Params:         0       0       0       0
      Locals:         0       0       0       0
      Temps:          5       0       0       0
      Totals:         5       0       0       0
Total ram usage:        5 bytes
 Hardware stack levels used:    1
 This function calls:
		Nothing
 This function is called by:
		Interrupt level 1
 This function uses a non-reentrant model



MODULE INFORMATION

Module		Function		Class		Link	Load	Size
interrupts.c
		_isr           		CODE           	0125	0000	25

interrupts.c estimated size: 25

DHT11.c
		_DHT11StartSignal		CODE           	0082	0000	57
		_DHT11ReadByte 		CODE           	00BA	0000	48
		_DHT11CheckResponse		CODE           	010D	0000	25

DHT11.c estimated size: 130

shared
		__initialization		CODE           	0011	0000	4

shared estimated size: 4

user.c
		_RxMode        		CODE           	0176	0000	6
		_TxMode        		CODE           	017B	0000	6
		_tickRead      		CODE           	0161	0000	14
		_uartConfig    		CODE           	013D	0000	21
		_initApp       		CODE           	00E9	0000	37
		_uartWriteByte 		CODE           	016E	0000	9
		_uartReadByte  		CODE           	0151	0000	17

user.c estimated size: 110

main.c
		_main          		CODE           	0016	0000	109

main.c estimated size: 109

