Microchip MPLAB XC8 Compiler V1.45 ()

Linker command line:

-W-3 --edf=C:\Program Files\Microchip\xc8\v1.45\dat\en_msgs.txt -cs \
  -h+dist/default/production\action_prog__2_.X.production.sym \
  --cmf=dist/default/production\action_prog__2_.X.production.cmf -z \
  -Q16F628A -oC:\Users\Alumno\AppData\Local\Temp\s1m4.2 \
  -Mdist/default/production/action_prog__2_.X.production.map -E1 -ver=XC8 \
  -ASTACK=020h-06fh -pstack=STACK -ACODE=00h-07FFh -ASTRCODE=00h-07FFh \
  -ASTRING=00h-0FFhx8 -ACONST=00h-0FFhx8 -AENTRY=00h-0FFhx8 \
  -ACOMMON=070h-07Fh -ABANK0=020h-06Fh -ABANK1=0A0h-0EFh \
  -ABANK2=0120h-014Fh -ARAM=020h-06Fh,0A0h-0EFh,0120h-014Fh \
  -AABS1=020h-07Fh,0A0h-0EFh,0120h-014Fh -ASFR0=00h-01Fh -ASFR1=080h-09Fh \
  -ASFR2=0100h-011Fh -ASFR3=0180h-01EFh \
  -preset_vec=00h,intentry,init,end_init -ppowerup=CODE -pcinit=CODE \
  -pfunctab=ENTRY -ACONFIG=02007h-02007h -pconfig=CONFIG -DCONFIG=2 \
  -AIDLOC=02000h-02003h -pidloc=IDLOC -DIDLOC=2 -AEEDATA=00h-07Fh/02100h \
  -peeprom_data=EEDATA -DEEDATA=2 -DCODE=2 -DSTRCODE=2 -DSTRING=2 -DCONST=2 \
  -DENTRY=2 -k C:\Users\Alumno\AppData\Local\Temp\s1m4.obj \
  dist/default/production\action_prog__2_.X.production.obj 

Object code version is 3.11

Machine type is 16F628A



                Name                               Link     Load   Length Selector   Space Scale
C:\Users\Alumno\AppData\Local\Temp\s1m4.obj
                end_init                              0        0        1        0       0
                config                             2007     2007        1     400E       0
dist/default/production\action_prog__2_.X.production.obj
                cinit                               7F5      7F5        B      FEA       0
                text9                               6C2      6C2        5      D84       0
                text8                               6C7      6C7        5      D8E       0
                text7                               6F7      6F7        F      DEE       0
                text6                               6CC      6CC        8      D98       0
                swtext1                               1        1        7        2       0
                text5                               724      724       D1      E48       0
                text4                               6DE      6DE        B      DBC       0
                text3                               6D4      6D4        A      DA8       0
                text2                               6E9      6E9        E      DD2       0
                text1                               706      706       1E      E0C       0
                maintext                            6BE      6BE        4      D7C       0
                cstackCOMMON                         79       79        4       70       1
                bssCOMMON                            70       70        9       70       1

TOTAL           Name                               Link     Load   Length     Space
        CLASS   STACK          

        CLASS   CODE           
                end_init                              0        0        1         0
                cinit                               7F5      7F5        B         0
                text9                               6C2      6C2        5         0
                text8                               6C7      6C7        5         0
                text7                               6F7      6F7        F         0
                text6                               6CC      6CC        8         0
                text5                               724      724       D1         0
                text4                               6DE      6DE        B         0
                text3                               6D4      6D4        A         0
                text2                               6E9      6E9        E         0
                text1                               706      706       1E         0
                maintext                            6BE      6BE        4         0

        CLASS   STRCODE        

        CLASS   STRING         

        CLASS   CONST          
                swtext1                               1        1        7         0

        CLASS   ENTRY          

        CLASS   COMMON         
                cstackCOMMON                         79       79        4         1
                bssCOMMON                            70       70        9         1

        CLASS   BANK0          

        CLASS   BANK1          

        CLASS   BANK2          

        CLASS   RAM            

        CLASS   ABS1           
                abs_s1                               7E       7E        2         1

        CLASS   SFR0           

        CLASS   SFR1           

        CLASS   SFR2           

        CLASS   SFR3           

        CLASS   CONFIG         
                config                             2007     2007        1         0

        CLASS   IDLOC          

        CLASS   EEDATA         

        CLASS   BANK3          



SEGMENTS        Name                           Load    Length   Top    Selector   Space  Class     Delta

                reset_vec                      000000  000001  000001         0       0  CODE        2
                swtext1                        000001  000007  000008         2       0  CONST       2
                bssCOMMON                      000070  00000D  00007D        70       1  COMMON      1
                maintext                       0006BE  000004  0006C2       D7C       0  CODE        2
                text9                          0006C2  000005  0006C7       D84       0  CODE        2
                text8                          0006C7  000005  0006CC       D8E       0  CODE        2
                text6                          0006CC  000008  0006D4       D98       0  CODE        2
                text3                          0006D4  00000A  0006DE       DA8       0  CODE        2
                text4                          0006DE  00000B  0006E9       DBC       0  CODE        2
                text2                          0006E9  00000E  0006F7       DD2       0  CODE        2
                text7                          0006F7  00000F  000706       DEE       0  CODE        2
                text1                          000706  00001E  000724       E0C       0  CODE        2
                text5                          000724  0000D1  0007F5       E48       0  CODE        2
                cinit                          0007F5  00000B  000800       FEA       0  CODE        2
                config                         002007  000001  002008      400E       0  CONFIG      2


UNUSED ADDRESS RANGES

        Name                Unused          Largest block    Delta
        BANK0            0020-006F             50           1
        BANK1            00A0-00EF             50           1
        BANK2            0120-014F             30           1
        CODE             0008-06BD            6B6           2
        COMMON           007D-007D              1           1
        CONST            0008-06BD            100           2
        EEDATA           2100-217F             80           2
        ENTRY            0008-06BD            100           2
        IDLOC            2000-2003              4           2
        RAM              0020-006F             50           1
                         00A0-00EF             50
                         0120-014F             30
        SFR0             0000-001F             20           1
        SFR1             0080-009F             20           1
        SFR2             0100-011F             20           1
        SFR3             0180-01EF             70           1
        STACK            0020-006F             50           1
        STRCODE          0008-06BD            6B6           2
        STRING           0008-06BD            100           2

                                  Symbol Table

?_tickRead                cstackCOMMON 0079
ActualizarMEF@aux         bssCOMMON    0077
ActualizarMEF@res         bssCOMMON    0078
_ActualizarMEF            text5        0724
_BRGH                     (abs)        04C2
_CM0                      (abs)        00F8
_CM1                      (abs)        00F9
_CM2                      (abs)        00FA
_CREN                     (abs)        00C4
_GIE                      (abs)        005F
_InicializarMEF           text3        06D4
_PORTAbits                (abs)        0005
_PORTBbits                (abs)        0006
_RCIF                     (abs)        0065
_RCREG                    (abs)        001A
_RxMode                   text9        06C2
_SPBRG                    (abs)        0099
_SPEN                     (abs)        00C7
_SYNC                     (abs)        04C4
_TRISAbits                (abs)        0085
_TRISBbits                (abs)        0086
_TXEN                     (abs)        04C5
_TXIF                     (abs)        0064
_TXREG                    (abs)        0019
_TxMode                   text8        06C7
__CFG_BOREN$OFF           (abs)        0000
__CFG_CP$OFF              (abs)        0000
__CFG_CPD$OFF             (abs)        0000
__CFG_FOSC$INTOSCIO       (abs)        0000
__CFG_LVP$OFF             (abs)        0000
__CFG_MCLRE$OFF           (abs)        0000
__CFG_PWRTE$OFF           (abs)        0000
__CFG_WDTE$OFF            (abs)        0000
__Habs1                   abs1         0000
__Hbank0                  bank0        0000
__Hbank1                  bank1        0000
__Hbank2                  bank2        0000
__Hbank3                  bank3        0000
__HbssCOMMON              bssCOMMON    0000
__Hcinit                  cinit        0800
__Hclrtext                clrtext      0000
__Hcode                   code         0000
__Hcommon                 common       0000
__Hconfig                 config       2008
__HcstackCOMMON           cstackCOMMON 0000
__Heeprom_data            eeprom_data  0000
__Hend_init               end_init     0001
__Hfunctab                functab      0000
__Hidloc                  idloc        0000
__Hinit                   init         0000
__Hintentry               intentry     0000
__Hmaintext               maintext     0000
__Hpowerup                powerup      0000
__Hram                    ram          0000
__Hreset_vec              reset_vec    0000
__Hsfr0                   sfr0         0000
__Hsfr1                   sfr1         0000
__Hsfr2                   sfr2         0000
__Hsfr3                   sfr3         0000
__Hspace_0                (abs)        2008
__Hspace_1                (abs)        007D
__Hspace_2                (abs)        0000
__Hspace_3                (abs)        0000
__Hstack                  stack        0000
__Hstrings                strings      0000
__Htext                   text         0000
__Labs1                   abs1         0000
__Lbank0                  bank0        0000
__Lbank1                  bank1        0000
__Lbank2                  bank2        0000
__Lbank3                  bank3        0000
__LbssCOMMON              bssCOMMON    0000
__Lcinit                  cinit        07F5
__Lclrtext                clrtext      0000
__Lcode                   code         0000
__Lcommon                 common       0000
__Lconfig                 config       2007
__LcstackCOMMON           cstackCOMMON 0000
__Leeprom_data            eeprom_data  0000
__Lend_init               end_init     0000
__Lfunctab                functab      0000
__Lidloc                  idloc        0000
__Linit                   init         0000
__Lintentry               intentry     0000
__Lmaintext               maintext     0000
__Lpowerup                powerup      0000
__Lram                    ram          0000
__Lreset_vec              reset_vec    0000
__Lsfr0                   sfr0         0000
__Lsfr1                   sfr1         0000
__Lsfr2                   sfr2         0000
__Lsfr3                   sfr3         0000
__Lspace_0                (abs)        0000
__Lspace_1                (abs)        0000
__Lspace_2                (abs)        0000
__Lspace_3                (abs)        0000
__Lstack                  stack        0000
__Lstrings                strings      0000
__Ltext                   text         0000
__S0                      (abs)        2008
__S1                      (abs)        007D
__S2                      (abs)        0000
__S3                      (abs)        0000
___int_sp                 stack        0000
___latbits                (abs)        0000
___sp                     stack        0000
__end_of_ActualizarMEF    text5        07F5
__end_of_InicializarMEF   text3        06DE
__end_of_RxMode           text9        06C7
__end_of_TxMode           text8        06CC
__end_of__initialization  cinit        07FE
__end_of_initApp          text1        0724
__end_of_main             maintext     06C2
__end_of_tickRead         text4        06E9
__end_of_uartConfig       text2        06F7
__end_of_uartReadByte     text7        0706
__end_of_uartWriteByte    text6        06D4
__initialization          cinit        07F5
__pbssCOMMON              bssCOMMON    0070
__pcstackCOMMON           cstackCOMMON 0079
__pmaintext               maintext     06BE
__pswtext1                swtext1      0001
__ptext1                  text1        0706
__ptext2                  text2        06E9
__ptext3                  text3        06D4
__ptext4                  text4        06DE
__ptext5                  text5        0724
__ptext6                  text6        06CC
__ptext7                  text7        06F7
__ptext8                  text8        06C7
__ptext9                  text9        06C2
__size_of_ActualizarMEF   (abs)        0000
__size_of_InicializarMEF  (abs)        0000
__size_of_RxMode          (abs)        0000
__size_of_TxMode          (abs)        0000
__size_of_initApp         (abs)        0000
__size_of_main            (abs)        0000
__size_of_tickRead        (abs)        0000
__size_of_uartConfig      (abs)        0000
__size_of_uartReadByte    (abs)        0000
__size_of_uartWriteByte   (abs)        0000
_estadoActual             bssCOMMON    0076
_initApp                  text1        0706
_main                     maintext     06BE
_tInicio                  bssCOMMON    0072
_tickCounter              bssCOMMON    0074
_tickRead                 text4        06DE
_uartConfig               text2        06E9
_uartReadByte             text7        06F7
_uartWriteByte            text6        06CC
btemp                     (abs)        007E
end_of_initialization     cinit        07FE
intlevel0                 functab      0000
intlevel1                 functab      0000
intlevel2                 functab      0000
intlevel3                 functab      0000
intlevel4                 functab      0000
intlevel5                 functab      0000
reset_vec                 reset_vec    0000
stackhi                   (abs)        0000
stacklo                   (abs)        0000
start                     init         0000
start_initialization      cinit        07F5
tickRead@aux              cstackCOMMON 007B
uartReadByte@receivedByte cstackCOMMON 007A
uartWriteByte@value       cstackCOMMON 0079
wtemp0                    (abs)        007E


FUNCTION INFORMATION:

 *************** function _main *****************
 Defined at:
		line 11 in file "main.c"
 Parameters:    Size  Location     Type
		None
 Auto vars:     Size  Location     Type
		None
 Return value:  Size  Location     Type
                  1    wreg      void 
 Registers used:
		wreg, fsr0l, fsr0h, status,2, status,0, pclath, cstack
 Tracked objects:
		On entry : 
		On exit  : 
		Unchanged: 
 Data sizes:     COMMON   BANK0   BANK1   BANK2
      Params:         0       0       0       0
      Locals:         0       0       0       0
      Temps:          0       0       0       0
      Totals:         0       0       0       0
Total ram usage:        0 bytes
 Hardware stack levels required when called:    2
 This function calls:
		_ActualizarMEF
		_InicializarMEF
		_initApp
 This function is called by:
		Startup code after reset
 This function uses a non-reentrant model


 *************** function _initApp *****************
 Defined at:
		line 15 in file "user.c"
 Parameters:    Size  Location     Type
		None
 Auto vars:     Size  Location     Type
		None
 Return value:  Size  Location     Type
                  1    wreg      void 
 Registers used:
		wreg, status,2, status,0, pclath, cstack
 Tracked objects:
		On entry : 
		On exit  : 
		Unchanged: 
 Data sizes:     COMMON   BANK0   BANK1   BANK2
      Params:         0       0       0       0
      Locals:         0       0       0       0
      Temps:          2       0       0       0
      Totals:         2       0       0       0
Total ram usage:        2 bytes
 Hardware stack levels used:    1
 Hardware stack levels required when called:    1
 This function calls:
		_uartConfig
 This function is called by:
		_main
 This function uses a non-reentrant model


 *************** function _uartConfig *****************
 Defined at:
		line 37 in file "user.c"
 Parameters:    Size  Location     Type
		None
 Auto vars:     Size  Location     Type
		None
 Return value:  Size  Location     Type
                  1    wreg      void 
 Registers used:
		wreg
 Tracked objects:
		On entry : 
		On exit  : 
		Unchanged: 
 Data sizes:     COMMON   BANK0   BANK1   BANK2
      Params:         0       0       0       0
      Locals:         0       0       0       0
      Temps:          0       0       0       0
      Totals:         0       0       0       0
Total ram usage:        0 bytes
 Hardware stack levels used:    1
 This function calls:
		Nothing
 This function is called by:
		_initApp
 This function uses a non-reentrant model


 *************** function _InicializarMEF *****************
 Defined at:
		line 83 in file "user.c"
 Parameters:    Size  Location     Type
		None
 Auto vars:     Size  Location     Type
		None
 Return value:  Size  Location     Type
                  1    wreg      void 
 Registers used:
		wreg, status,2, pclath, cstack
 Tracked objects:
		On entry : 
		On exit  : 
		Unchanged: 
 Data sizes:     COMMON   BANK0   BANK1   BANK2
      Params:         0       0       0       0
      Locals:         0       0       0       0
      Temps:          0       0       0       0
      Totals:         0       0       0       0
Total ram usage:        0 bytes
 Hardware stack levels used:    1
 Hardware stack levels required when called:    1
 This function calls:
		_tickRead
 This function is called by:
		_main
 This function uses a non-reentrant model


 *************** function _tickRead *****************
 Defined at:
		line 68 in file "user.c"
 Parameters:    Size  Location     Type
		None
 Auto vars:     Size  Location     Type
  aux             2    2[COMMON] unsigned int 
 Return value:  Size  Location     Type
                  2    0[COMMON] unsigned int 
 Registers used:
		wreg
 Tracked objects:
		On entry : 
		On exit  : 
		Unchanged: 
 Data sizes:     COMMON   BANK0   BANK1   BANK2
      Params:         2       0       0       0
      Locals:         2       0       0       0
      Temps:          0       0       0       0
      Totals:         4       0       0       0
Total ram usage:        4 bytes
 Hardware stack levels used:    1
 This function calls:
		Nothing
 This function is called by:
		_InicializarMEF
 This function uses a non-reentrant model


 *************** function _ActualizarMEF *****************
 Defined at:
		line 88 in file "user.c"
 Parameters:    Size  Location     Type
		None
 Auto vars:     Size  Location     Type
		None
 Return value:  Size  Location     Type
                  1    wreg      void 
 Registers used:
		wreg, fsr0l, fsr0h, status,2, status,0, pclath, cstack
 Tracked objects:
		On entry : 
		On exit  : 
		Unchanged: 
 Data sizes:     COMMON   BANK0   BANK1   BANK2
      Params:         0       0       0       0
      Locals:         0       0       0       0
      Temps:          1       0       0       0
      Totals:         1       0       0       0
Total ram usage:        1 bytes
 Hardware stack levels used:    1
 Hardware stack levels required when called:    1
 This function calls:
		_RxMode
		_TxMode
		_uartReadByte
		_uartWriteByte
 This function is called by:
		_main
 This function uses a non-reentrant model


 *************** function _uartWriteByte *****************
 Defined at:
		line 62 in file "user.c"
 Parameters:    Size  Location     Type
  value           1    wreg     unsigned char 
 Auto vars:     Size  Location     Type
  value           1    0[COMMON] unsigned char 
 Return value:  Size  Location     Type
                  1    wreg      void 
 Registers used:
		wreg
 Tracked objects:
		On entry : 
		On exit  : 
		Unchanged: 
 Data sizes:     COMMON   BANK0   BANK1   BANK2
      Params:         0       0       0       0
      Locals:         1       0       0       0
      Temps:          0       0       0       0
      Totals:         1       0       0       0
Total ram usage:        1 bytes
 Hardware stack levels used:    1
 This function calls:
		Nothing
 This function is called by:
		_ActualizarMEF
 This function uses a non-reentrant model


 *************** function _uartReadByte *****************
 Defined at:
		line 54 in file "user.c"
 Parameters:    Size  Location     Type
  receivedByte    1    wreg     PTR unsigned char 
		 -> ActualizarMEF@aux(1), ActualizarMEF@res(1), 
 Auto vars:     Size  Location     Type
  receivedByte    1    1[COMMON] PTR unsigned char 
		 -> ActualizarMEF@aux(1), ActualizarMEF@res(1), 
 Return value:  Size  Location     Type
		None               void
 Registers used:
		wreg, fsr0l, fsr0h, status,2, status,0
 Tracked objects:
		On entry : 
		On exit  : 
		Unchanged: 
 Data sizes:     COMMON   BANK0   BANK1   BANK2
      Params:         0       0       0       0
      Locals:         1       0       0       0
      Temps:          1       0       0       0
      Totals:         2       0       0       0
Total ram usage:        2 bytes
 Hardware stack levels used:    1
 This function calls:
		Nothing
 This function is called by:
		_ActualizarMEF
 This function uses a non-reentrant model


 *************** function _TxMode *****************
 Defined at:
		line 204 in file "user.c"
 Parameters:    Size  Location     Type
		None
 Auto vars:     Size  Location     Type
		None
 Return value:  Size  Location     Type
                  1    wreg      void 
 Registers used:
		None
 Tracked objects:
		On entry : 
		On exit  : 
		Unchanged: 
 Data sizes:     COMMON   BANK0   BANK1   BANK2
      Params:         0       0       0       0
      Locals:         0       0       0       0
      Temps:          0       0       0       0
      Totals:         0       0       0       0
Total ram usage:        0 bytes
 Hardware stack levels used:    1
 This function calls:
		Nothing
 This function is called by:
		_ActualizarMEF
 This function uses a non-reentrant model


 *************** function _RxMode *****************
 Defined at:
		line 209 in file "user.c"
 Parameters:    Size  Location     Type
		None
 Auto vars:     Size  Location     Type
		None
 Return value:  Size  Location     Type
                  1    wreg      void 
 Registers used:
		None
 Tracked objects:
		On entry : 
		On exit  : 
		Unchanged: 
 Data sizes:     COMMON   BANK0   BANK1   BANK2
      Params:         0       0       0       0
      Locals:         0       0       0       0
      Temps:          0       0       0       0
      Totals:         0       0       0       0
Total ram usage:        0 bytes
 Hardware stack levels used:    1
 This function calls:
		Nothing
 This function is called by:
		_ActualizarMEF
 This function uses a non-reentrant model



MODULE INFORMATION

Module		Function		Class		Link	Load	Size
shared
		__initialization		CODE           	07F5	0000	10

shared estimated size: 10

user.c
		_ActualizarMEF 		CODE           	0724	0000	210
		_InicializarMEF		CODE           	06D4	0000	11
		_RxMode        		CODE           	06C2	0000	6
		_TxMode        		CODE           	06C7	0000	6
		_tickRead      		CODE           	06DE	0000	12
		_uartConfig    		CODE           	06E9	0000	15
		_initApp       		CODE           	0706	0000	31
		_uartWriteByte 		CODE           	06CC	0000	9
		_uartReadByte  		CODE           	06F7	0000	16

user.c estimated size: 316

main.c
		_main          		CODE           	06BE	0000	5

main.c estimated size: 5

