Microchip MPLAB XC8 Compiler V1.45 ()

Linker command line:

-W-3 --edf=C:\Program Files\Microchip\xc8\v1.45\dat\en_msgs.txt -cs \
  -h+dist/default/debug\light_sensor_prog_v4.2.X.debug.sym \
  --cmf=dist/default/debug\light_sensor_prog_v4.2.X.debug.cmf -z -Q16F88 \
  -oC:\Users\Alumno\AppData\Local\Temp\s3ok.2 \
  -Mdist/default/debug/light_sensor_prog_v4.2.X.debug.map -E1 -ver=XC8 \
  -ASTACK=0110h-016fh -pstack=STACK -ACODE=00h-07FFh,0800h-0EFFh \
  -ASTRCODE=00h-0EFFh -ASTRING=00h-0FFhx15 -ACONST=00h-0FFhx15 \
  -AENTRY=00h-0FFhx15 -ACOMMON=071h-07Fh -ABANK0=020h-06Fh \
  -ABANK1=0A0h-0EFh -ABANK2=0110h-016Fh -ABANK3=0190h-01E6h \
  -ARAM=020h-06Fh,0A0h-0EFh,0110h-016Fh,0190h-01E6h \
  -AABS1=020h-07Fh,0A0h-0EFh,0110h-016Fh,0190h-01EFh -ASFR0=00h-01Fh \
  -ASFR1=080h-09Fh -ASFR2=0100h-010Fh -ASFR3=0180h-018Fh \
  -preset_vec=00h,intentry=04h,init,end_init -ppowerup=CODE -pcinit=CODE \
  -pfunctab=ENTRY -ACONFIG=02007h-02008h -pconfig=CONFIG -DCONFIG=2 \
  -AIDLOC=02000h-02003h -pidloc=IDLOC -DIDLOC=2 -AEEDATA=00h-0FFh/02100h \
  -peeprom_data=EEDATA -DEEDATA=2 -DCODE=2 -DSTRCODE=2 -DSTRING=2 -DCONST=2 \
  -DENTRY=2 -k C:\Users\Alumno\AppData\Local\Temp\s3ok.obj \
  dist/default/debug\light_sensor_prog_v4.2.X.debug.obj 

Object code version is 3.11

Machine type is 16F88



                Name                               Link     Load   Length Selector   Space Scale
C:\Users\Alumno\AppData\Local\Temp\s3ok.obj
                end_init                             11       11        2        8       0
                reset_vec                             0        0        3        0       0
                config                             2007     2007        1     400E       0
dist/default/debug\light_sensor_prog_v4.2.X.debug.obj
                cinit                                13       13       12        8       0
                intentry                              4        4        D        8       0
                text26                              21E      21E       16        8       0
                text25                              2BA      2BA        8        8       0
                text24                              2E2      2E2        4        8       0
                text23                              2C9      2C9        7        8       0
                text22                              2DE      2DE        4        8       0
                text21                              28E      28E        F        8       0
                text20                              2C2      2C2        7        8       0
                text19                              27F      27F        F        8       0
                text18                              18F      18F       3B        8       0
                text17                              2B2      2B2        8        8       0
                text16                              234      234       15        8       0
                text15                              206      206       18        8       0
                text14                              25D      25D       12        8       0
                text13                              2E8      2E8        1        8       0
                text12                              143      143       4C        8       0
                text11                              29D      29D        D        8       0
                text10                               C4       C4       7F        8       0
                text9                               2D5      2D5        5        8       0
                text8                               2D0      2D0        5        8       0
                text7                               26F      26F       10        8       0
                text6                               2AA      2AA        8        8       0
                text5                                25       25       9F        8       0
                text4                               2E6      2E6        2        8       0
                text3                               2DA      2DA        4        8       0
                text2                               249      249       14        8       0
                text1                               1CA      1CA       24        8       0
                maintext                            1EE      1EE       18        8       0
                cstackBANK0                          20       20       11       20       1
                cstackCOMMON                         76       76        5       71       1
                bssBANK0                             31       31        8       20       1
                bssCOMMON                            71       71        5       71       1

TOTAL           Name                               Link     Load   Length     Space
        CLASS   STACK          

        CLASS   CODE           
                end_init                             11       11        2         0
                cinit                                13       13       12         0
                intentry                              4        4        D         0
                reset_vec                             0        0        3         0
                text26                              21E      21E       16         0
                text25                              2BA      2BA        8         0
                text24                              2E2      2E2        4         0
                text23                              2C9      2C9        7         0
                text22                              2DE      2DE        4         0
                text21                              28E      28E        F         0
                text20                              2C2      2C2        7         0
                text19                              27F      27F        F         0
                text18                              18F      18F       3B         0
                text17                              2B2      2B2        8         0
                text16                              234      234       15         0
                text15                              206      206       18         0
                text14                              25D      25D       12         0
                text13                              2E8      2E8        1         0
                text12                              143      143       4C         0
                text11                              29D      29D        D         0
                text10                               C4       C4       7F         0
                text9                               2D5      2D5        5         0
                text8                               2D0      2D0        5         0
                text7                               26F      26F       10         0
                text6                               2AA      2AA        8         0
                text5                                25       25       9F         0
                text4                               2E6      2E6        2         0
                text3                               2DA      2DA        4         0
                text2                               249      249       14         0
                text1                               1CA      1CA       24         0
                maintext                            1EE      1EE       18         0

        CLASS   STRCODE        

        CLASS   STRING         

        CLASS   CONST          

        CLASS   ENTRY          

        CLASS   COMMON         
                cstackCOMMON                         76       76        5         1
                bssCOMMON                            71       71        5         1

        CLASS   BANK0          
                cstackBANK0                          20       20       11         1
                bssBANK0                             31       31        8         1

        CLASS   BANK1          

        CLASS   BANK2          

        CLASS   BANK3          

        CLASS   RAM            

        CLASS   ABS1           
                abs_s1                               7E       7E        2         1

        CLASS   SFR0           

        CLASS   SFR1           

        CLASS   SFR2           

        CLASS   SFR3           

        CLASS   CONFIG         
                config                             2007     2007        1         0

        CLASS   IDLOC          

        CLASS   EEDATA         



SEGMENTS        Name                           Load    Length   Top    Selector   Space  Class     Delta

                reset_vec                      000000  000003  000003         0       0  CODE        2
                intentry                       000004  0002E5  0002E9         8       0  CODE        2
                cstackBANK0                    000020  000019  000039        20       1  BANK0       1
                bssCOMMON                      000071  00000A  00007B        71       1  COMMON      1
                config                         002007  000001  002008      400E       0  CONFIG      2


UNUSED ADDRESS RANGES

        Name                Unused          Largest block    Delta
        BANK0            0039-006F             37           1
        BANK1            00A0-00EF             50           1
        BANK2            0110-016F             60           1
        BANK3            0190-01E6             57           1
        CODE             0003-0003              1           2
                         02E9-0EFF            517
        COMMON           007B-007D              3           1
        CONFIG           2008-2008              1           2
        CONST            0003-0003              1           2
                         02E9-0EFF            100
        EEDATA           2100-21FF            100           2
        ENTRY            0003-0003              1           2
                         02E9-0EFF            100
        IDLOC            2000-2003              4           2
        RAM              0039-006F             37           1
                         00A0-00EF             50
                         0110-016F             60
                         0190-01E6             57
        SFR0             0000-001F             20           1
        SFR1             0080-009F             20           1
        SFR2             0100-010F             10           1
        SFR3             0180-018F             10           1
        STACK            0110-016F             60           1
        STRCODE          0003-0003              1           2
                         02E9-0EFF            C17
        STRING           0003-0003              1           2
                         02E9-0EFF            100

                                  Symbol Table

?_tickRead                        cstackBANK0  0020
ActualizarMEFI2C@tinicioi2c       bssBANK0     0031
ActualizarMEFUART@aux             cstackBANK0  0028
ActualizarMEFUART@res             bssBANK0     0038
ActualizarMEFUART@tinicioUART     cstackBANK0  0024
ActualizarMEFUART@tout            cstackBANK0  0026
I2C_ReadFromAddress@deviceAddress cstackBANK0  0027
I2C_WriteByte@temp                cstackBANK0  0026
I2C_WriteByte@theByte             cstackBANK0  0023
I2C_WriteByte@x                   cstackBANK0  0024
I2C_WriteToAddress@deviceAddress  cstackBANK0  0029
I2C_WriteToAddress@temp           cstackBANK0  002A
My_I2C_ReadResult@readback        cstackBANK0  0025
My_I2C_ReadResult@x               cstackBANK0  0023
_ANSEL                            (abs)        009B
_ActualizarMEFI2C                 text10       00C4
_ActualizarMEFUART                text5        0025
_BRGH                             (abs)        04C2
_CM0                              (abs)        04E0
_CM1                              (abs)        04E1
_CM2                              (abs)        04E2
_CREN                             (abs)        00C4
_GIE                              (abs)        005F
_I2C_Delay                        text25       02BA
_I2C_ReadFromAddress              text17       02B2
_I2C_SendOne                      text21       028E
_I2C_SendZero                     text19       027F
_I2C_Start                        text16       0234
_I2C_Stop                         text15       0206
_I2C_WaitForSlave                 text13       02E8
_I2C_WriteByte                    text18       018F
_I2C_WriteToAddress               text14       025D
_InicializarMEFI2C                text4        02E6
_InicializarMEFUART               text3        02DA
_My_I2C_ReadResult                text12       0143
_OPTION_REGbits                   (abs)        0081
_PORTAbits                        (abs)        0005
_PORTB                            (abs)        0006
_PORTBbits                        (abs)        0006
_PSA                              (abs)        040B
_RCIF                             (abs)        0065
_RCREG                            (abs)        001A
_RxMode                           text9        02D5
_SCL_High                         text24       02E2
_SCL_Low                          text23       02C9
_SDA_High                         text22       02DE
_SDA_Low                          text20       02C2
_SPBRG                            (abs)        0099
_SPEN                             (abs)        00C7
_SYNC                             (abs)        04C4
_T0CS                             (abs)        040D
_TMR0                             (abs)        0001
_TMR0IE                           (abs)        005D
_TMR0IF                           (abs)        005A
_TRISAbits                        (abs)        0085
_TRISB1                           (abs)        0431
_TRISB2                           (abs)        0432
_TRISB4                           (abs)        0434
_TRISB5                           (abs)        0435
_TRISBbits                        (abs)        0086
_TXEN                             (abs)        04C5
_TXIF                             (abs)        0064
_TXREG                            (abs)        0019
_TxMode                           text8        02D0
__CFG_BOREN$OFF                   (abs)        0000
__CFG_CCPMX$RB0                   (abs)        0000
__CFG_CP$OFF                      (abs)        0000
__CFG_CPD$OFF                     (abs)        0000
__CFG_FOSC$XT                     (abs)        0000
__CFG_LVP$OFF                     (abs)        0000
__CFG_MCLRE$ON                    (abs)        0000
__CFG_PWRTE$OFF                   (abs)        0000
__CFG_WDTE$OFF                    (abs)        0000
__CFG_WRT$OFF                     (abs)        0000
__Habs1                           abs1         0000
__Hbank0                          bank0        0000
__Hbank1                          bank1        0000
__Hbank2                          bank2        0000
__Hbank3                          bank3        0000
__HbssBANK0                       bssBANK0     0000
__HbssCOMMON                      bssCOMMON    0000
__Hcinit                          cinit        0025
__Hclrtext                        clrtext      0000
__Hcode                           code         0000
__Hcommon                         common       0000
__Hconfig                         config       2008
__HcstackBANK0                    cstackBANK0  0000
__HcstackCOMMON                   cstackCOMMON 0000
__Heeprom_data                    eeprom_data  0000
__Hend_init                       end_init     0013
__Hfunctab                        functab      0000
__Hidloc                          idloc        0000
__Hinit                           init         0011
__Hintentry                       intentry     0011
__Hmaintext                       maintext     0000
__Hpowerup                        powerup      0000
__Hram                            ram          0000
__Hreset_vec                      reset_vec    0003
__Hsfr0                           sfr0         0000
__Hsfr1                           sfr1         0000
__Hsfr2                           sfr2         0000
__Hsfr3                           sfr3         0000
__Hspace_0                        (abs)        2008
__Hspace_1                        (abs)        007B
__Hspace_2                        (abs)        0000
__Hspace_3                        (abs)        0000
__Hstack                          stack        0000
__Hstrings                        strings      0000
__Htext                           text         0000
__Labs1                           abs1         0000
__Lbank0                          bank0        0000
__Lbank1                          bank1        0000
__Lbank2                          bank2        0000
__Lbank3                          bank3        0000
__LbssBANK0                       bssBANK0     0000
__LbssCOMMON                      bssCOMMON    0000
__Lcinit                          cinit        0013
__Lclrtext                        clrtext      0000
__Lcode                           code         0000
__Lcommon                         common       0000
__Lconfig                         config       2007
__LcstackBANK0                    cstackBANK0  0000
__LcstackCOMMON                   cstackCOMMON 0000
__Leeprom_data                    eeprom_data  0000
__Lend_init                       end_init     0011
__Lfunctab                        functab      0000
__Lidloc                          idloc        0000
__Linit                           init         0011
__Lintentry                       intentry     0004
__Lmaintext                       maintext     0000
__Lpowerup                        powerup      0000
__Lram                            ram          0000
__Lreset_vec                      reset_vec    0000
__Lsfr0                           sfr0         0000
__Lsfr1                           sfr1         0000
__Lsfr2                           sfr2         0000
__Lsfr3                           sfr3         0000
__Lspace_0                        (abs)        0000
__Lspace_1                        (abs)        0000
__Lspace_2                        (abs)        0000
__Lspace_3                        (abs)        0000
__Lstack                          stack        0000
__Lstrings                        strings      0000
__Ltext                           text         0000
__S0                              (abs)        2008
__S1                              (abs)        007B
__S2                              (abs)        0000
__S3                              (abs)        0000
___int_sp                         stack        0000
___latbits                        (abs)        0001
___sp                             stack        0000
__end_of_ActualizarMEFI2C         text10       0143
__end_of_ActualizarMEFUART        text5        00C4
__end_of_I2C_Delay                text25       02C2
__end_of_I2C_ReadFromAddress      text17       02BA
__end_of_I2C_SendOne              text21       029D
__end_of_I2C_SendZero             text19       028E
__end_of_I2C_Start                text16       0249
__end_of_I2C_Stop                 text15       021E
__end_of_I2C_WaitForSlave         text13       02E9
__end_of_I2C_WriteByte            text18       01CA
__end_of_I2C_WriteToAddress       text14       026F
__end_of_InicializarMEFI2C        text4        02E8
__end_of_InicializarMEFUART       text3        02DE
__end_of_My_I2C_ReadResult        text12       018F
__end_of_RxMode                   text9        02DA
__end_of_SCL_High                 text24       02E6
__end_of_SCL_Low                  text23       02D0
__end_of_SDA_High                 text22       02E2
__end_of_SDA_Low                  text20       02C9
__end_of_TxMode                   text8        02D5
__end_of__initialization          cinit        0022
__end_of_initApp                  text1        01EE
__end_of_isr                      text26       0234
__end_of_main                     maintext     0206
__end_of_tickRead                 text11       02AA
__end_of_uartConfig               text2        025D
__end_of_uartReadByte             text7        027F
__end_of_uartWriteByte            text6        02B2
__initialization                  cinit        0013
__pbssBANK0                       bssBANK0     0031
__pbssCOMMON                      bssCOMMON    0071
__pcstackBANK0                    cstackBANK0  0020
__pcstackCOMMON                   cstackCOMMON 0076
__pintentry                       intentry     0004
__pmaintext                       maintext     01EE
__ptext1                          text1        01CA
__ptext10                         text10       00C4
__ptext11                         text11       029D
__ptext12                         text12       0143
__ptext13                         text13       02E8
__ptext14                         text14       025D
__ptext15                         text15       0206
__ptext16                         text16       0234
__ptext17                         text17       02B2
__ptext18                         text18       018F
__ptext19                         text19       027F
__ptext2                          text2        0249
__ptext20                         text20       02C2
__ptext21                         text21       028E
__ptext22                         text22       02DE
__ptext23                         text23       02C9
__ptext24                         text24       02E2
__ptext25                         text25       02BA
__ptext26                         text26       021E
__ptext3                          text3        02DA
__ptext4                          text4        02E6
__ptext5                          text5        0025
__ptext6                          text6        02AA
__ptext7                          text7        026F
__ptext8                          text8        02D0
__ptext9                          text9        02D5
__size_of_ActualizarMEFI2C        (abs)        0000
__size_of_ActualizarMEFUART       (abs)        0000
__size_of_I2C_Delay               (abs)        0000
__size_of_I2C_ReadFromAddress     (abs)        0000
__size_of_I2C_SendOne             (abs)        0000
__size_of_I2C_SendZero            (abs)        0000
__size_of_I2C_Start               (abs)        0000
__size_of_I2C_Stop                (abs)        0000
__size_of_I2C_WaitForSlave        (abs)        0000
__size_of_I2C_WriteByte           (abs)        0000
__size_of_I2C_WriteToAddress      (abs)        0000
__size_of_InicializarMEFI2C       (abs)        0000
__size_of_InicializarMEFUART      (abs)        0000
__size_of_My_I2C_ReadResult       (abs)        0000
__size_of_RxMode                  (abs)        0000
__size_of_SCL_High                (abs)        0000
__size_of_SCL_Low                 (abs)        0000
__size_of_SDA_High                (abs)        0000
__size_of_SDA_Low                 (abs)        0000
__size_of_TxMode                  (abs)        0000
__size_of_initApp                 (abs)        0000
__size_of_isr                     (abs)        0000
__size_of_main                    (abs)        0000
__size_of_tickRead                (abs)        0000
__size_of_uartConfig              (abs)        0000
__size_of_uartReadByte            (abs)        0000
__size_of_uartWriteByte           (abs)        0000
_estadoActualI2C                  bssCOMMON    0075
_estadoActualUART                 bssBANK0     0037
_initApp                          text1        01CA
_isr                              text26       021E
_main                             maintext     01EE
_result                           bssCOMMON    0071
_tickCounter                      bssCOMMON    0073
_tickRead                         text11       029D
_uartConfig                       text2        0249
_uartReadByte                     text7        026F
_uartWriteByte                    text6        02AA
btemp                             (abs)        007E
end_of_initialization             cinit        0022
interrupt_function                intentry     0004
intlevel0                         functab      0000
intlevel1                         functab      0000
intlevel2                         functab      0000
intlevel3                         functab      0000
intlevel4                         functab      0000
intlevel5                         functab      0000
main@result                       cstackBANK0  002F
reset_vec                         reset_vec    0000
saved_w                           (abs)        007E
stackhi                           (abs)        0000
stacklo                           (abs)        0000
start                             init         0011
start_initialization              cinit        0013
tickRead@aux                      cstackBANK0  0022
uartReadByte@receivedByte         cstackBANK0  0021
uartWriteByte@value               cstackBANK0  0020
wtemp0                            (abs)        007E


FUNCTION INFORMATION:

 *************** function _main *****************
 Defined at:
		line 16 in file "main.c"
 Parameters:    Size  Location     Type
		None
 Auto vars:     Size  Location     Type
  result          2   15[BANK0 ] unsigned int 
  request         1    0        unsigned char 
 Return value:  Size  Location     Type
                  1    wreg      void 
 Registers used:
		wreg, fsr0l, fsr0h, status,2, status,0, btemp+1, pclath, cstack
 Tracked objects:
		On entry : 
		On exit  : 
		Unchanged: 
 Data sizes:     COMMON   BANK0   BANK1   BANK3   BANK2
      Params:         0       0       0       0       0
      Locals:         0       2       0       0       0
      Temps:          0       0       0       0       0
      Totals:         0       2       0       0       0
Total ram usage:        2 bytes
 Hardware stack levels required when called:    6
 This function calls:
		_ActualizarMEFI2C
		_ActualizarMEFUART
		_InicializarMEFI2C
		_InicializarMEFUART
		_initApp
 This function is called by:
		Startup code after reset
 This function uses a non-reentrant model


 *************** function _initApp *****************
 Defined at:
		line 24 in file "user.c"
 Parameters:    Size  Location     Type
		None
 Auto vars:     Size  Location     Type
		None
 Return value:  Size  Location     Type
                  1    wreg      void 
 Registers used:
		wreg, status,2, status,0, pclath, cstack
 Tracked objects:
		On entry : 
		On exit  : 
		Unchanged: 
 Data sizes:     COMMON   BANK0   BANK1   BANK3   BANK2
      Params:         0       0       0       0       0
      Locals:         0       0       0       0       0
      Temps:          0       2       0       0       0
      Totals:         0       2       0       0       0
Total ram usage:        2 bytes
 Hardware stack levels used:    1
 Hardware stack levels required when called:    2
 This function calls:
		_uartConfig
 This function is called by:
		_main
 This function uses a non-reentrant model


 *************** function _uartConfig *****************
 Defined at:
		line 63 in file "user.c"
 Parameters:    Size  Location     Type
		None
 Auto vars:     Size  Location     Type
		None
 Return value:  Size  Location     Type
                  1    wreg      void 
 Registers used:
		wreg
 Tracked objects:
		On entry : 
		On exit  : 
		Unchanged: 
 Data sizes:     COMMON   BANK0   BANK1   BANK3   BANK2
      Params:         0       0       0       0       0
      Locals:         0       0       0       0       0
      Temps:          0       0       0       0       0
      Totals:         0       0       0       0       0
Total ram usage:        0 bytes
 Hardware stack levels used:    1
 Hardware stack levels required when called:    1
 This function calls:
		Nothing
 This function is called by:
		_initApp
 This function uses a non-reentrant model


 *************** function _InicializarMEFUART *****************
 Defined at:
		line 162 in file "user.c"
 Parameters:    Size  Location     Type
		None
 Auto vars:     Size  Location     Type
		None
 Return value:  Size  Location     Type
                  1    wreg      void 
 Registers used:
		status,2
 Tracked objects:
		On entry : 
		On exit  : 
		Unchanged: 
 Data sizes:     COMMON   BANK0   BANK1   BANK3   BANK2
      Params:         0       0       0       0       0
      Locals:         0       0       0       0       0
      Temps:          0       0       0       0       0
      Totals:         0       0       0       0       0
Total ram usage:        0 bytes
 Hardware stack levels used:    1
 Hardware stack levels required when called:    1
 This function calls:
		Nothing
 This function is called by:
		_main
 This function uses a non-reentrant model


 *************** function _InicializarMEFI2C *****************
 Defined at:
		line 158 in file "user.c"
 Parameters:    Size  Location     Type
		None
 Auto vars:     Size  Location     Type
		None
 Return value:  Size  Location     Type
                  1    wreg      void 
 Registers used:
		status,2
 Tracked objects:
		On entry : 
		On exit  : 
		Unchanged: 
 Data sizes:     COMMON   BANK0   BANK1   BANK3   BANK2
      Params:         0       0       0       0       0
      Locals:         0       0       0       0       0
      Temps:          0       0       0       0       0
      Totals:         0       0       0       0       0
Total ram usage:        0 bytes
 Hardware stack levels used:    1
 Hardware stack levels required when called:    1
 This function calls:
		Nothing
 This function is called by:
		_main
 This function uses a non-reentrant model


 *************** function _ActualizarMEFUART *****************
 Defined at:
		line 166 in file "user.c"
 Parameters:    Size  Location     Type
		None
 Auto vars:     Size  Location     Type
  tout            2    6[BANK0 ] unsigned int 
  tinicioUART     2    4[BANK0 ] unsigned int 
  aux             1    8[BANK0 ] unsigned char 
 Return value:  Size  Location     Type
                  1    wreg      void 
 Registers used:
		wreg, fsr0l, fsr0h, status,2, status,0, pclath, cstack
 Tracked objects:
		On entry : 
		On exit  : 
		Unchanged: 
 Data sizes:     COMMON   BANK0   BANK1   BANK3   BANK2
      Params:         0       0       0       0       0
      Locals:         0       5       0       0       0
      Temps:          0       0       0       0       0
      Totals:         0       5       0       0       0
Total ram usage:        5 bytes
 Hardware stack levels used:    1
 Hardware stack levels required when called:    2
 This function calls:
		_RxMode
		_TxMode
		_tickRead
		_uartReadByte
		_uartWriteByte
 This function is called by:
		_main
 This function uses a non-reentrant model


 *************** function _uartWriteByte *****************
 Defined at:
		line 91 in file "user.c"
 Parameters:    Size  Location     Type
  value           1    wreg     unsigned char 
 Auto vars:     Size  Location     Type
  value           1    0[BANK0 ] unsigned char 
 Return value:  Size  Location     Type
                  1    wreg      void 
 Registers used:
		wreg
 Tracked objects:
		On entry : 
		On exit  : 
		Unchanged: 
 Data sizes:     COMMON   BANK0   BANK1   BANK3   BANK2
      Params:         0       0       0       0       0
      Locals:         0       1       0       0       0
      Temps:          0       0       0       0       0
      Totals:         0       1       0       0       0
Total ram usage:        1 bytes
 Hardware stack levels used:    1
 Hardware stack levels required when called:    1
 This function calls:
		Nothing
 This function is called by:
		_ActualizarMEFUART
 This function uses a non-reentrant model


 *************** function _uartReadByte *****************
 Defined at:
		line 83 in file "user.c"
 Parameters:    Size  Location     Type
  receivedByte    1    wreg     PTR unsigned char 
		 -> ActualizarMEFUART@aux(1), ActualizarMEFUART@res(1), 
 Auto vars:     Size  Location     Type
  receivedByte    1    1[BANK0 ] PTR unsigned char 
		 -> ActualizarMEFUART@aux(1), ActualizarMEFUART@res(1), 
 Return value:  Size  Location     Type
		None               void
 Registers used:
		wreg, fsr0l, fsr0h, status,2, status,0
 Tracked objects:
		On entry : 
		On exit  : 
		Unchanged: 
 Data sizes:     COMMON   BANK0   BANK1   BANK3   BANK2
      Params:         0       0       0       0       0
      Locals:         0       1       0       0       0
      Temps:          0       1       0       0       0
      Totals:         0       2       0       0       0
Total ram usage:        2 bytes
 Hardware stack levels used:    1
 Hardware stack levels required when called:    1
 This function calls:
		Nothing
 This function is called by:
		_ActualizarMEFUART
 This function uses a non-reentrant model


 *************** function _TxMode *****************
 Defined at:
		line 98 in file "user.c"
 Parameters:    Size  Location     Type
		None
 Auto vars:     Size  Location     Type
		None
 Return value:  Size  Location     Type
                  1    wreg      void 
 Registers used:
		None
 Tracked objects:
		On entry : 
		On exit  : 
		Unchanged: 
 Data sizes:     COMMON   BANK0   BANK1   BANK3   BANK2
      Params:         0       0       0       0       0
      Locals:         0       0       0       0       0
      Temps:          0       0       0       0       0
      Totals:         0       0       0       0       0
Total ram usage:        0 bytes
 Hardware stack levels used:    1
 Hardware stack levels required when called:    1
 This function calls:
		Nothing
 This function is called by:
		_ActualizarMEFUART
 This function uses a non-reentrant model


 *************** function _RxMode *****************
 Defined at:
		line 103 in file "user.c"
 Parameters:    Size  Location     Type
		None
 Auto vars:     Size  Location     Type
		None
 Return value:  Size  Location     Type
                  1    wreg      void 
 Registers used:
		None
 Tracked objects:
		On entry : 
		On exit  : 
		Unchanged: 
 Data sizes:     COMMON   BANK0   BANK1   BANK3   BANK2
      Params:         0       0       0       0       0
      Locals:         0       0       0       0       0
      Temps:          0       0       0       0       0
      Totals:         0       0       0       0       0
Total ram usage:        0 bytes
 Hardware stack levels used:    1
 Hardware stack levels required when called:    1
 This function calls:
		Nothing
 This function is called by:
		_ActualizarMEFUART
 This function uses a non-reentrant model


 *************** function _ActualizarMEFI2C *****************
 Defined at:
		line 123 in file "user.c"
 Parameters:    Size  Location     Type
		None
 Auto vars:     Size  Location     Type
		None
 Return value:  Size  Location     Type
                  1    wreg      void 
 Registers used:
		wreg, fsr0l, fsr0h, status,2, status,0, btemp+1, pclath, cstack
 Tracked objects:
		On entry : 
		On exit  : 
		Unchanged: 
 Data sizes:     COMMON   BANK0   BANK1   BANK3   BANK2
      Params:         0       0       0       0       0
      Locals:         0       0       0       0       0
      Temps:          0       4       0       0       0
      Totals:         0       4       0       0       0
Total ram usage:        4 bytes
 Hardware stack levels used:    1
 Hardware stack levels required when called:    5
 This function calls:
		_I2C_ReadFromAddress
		_I2C_SendOne
		_I2C_SendZero
		_I2C_Start
		_I2C_Stop
		_I2C_WriteByte
		_I2C_WriteToAddress
		_My_I2C_ReadResult
		_tickRead
 This function is called by:
		_main
 This function uses a non-reentrant model


 *************** function _tickRead *****************
 Defined at:
		line 108 in file "user.c"
 Parameters:    Size  Location     Type
		None
 Auto vars:     Size  Location     Type
  aux             2    2[BANK0 ] unsigned int 
 Return value:  Size  Location     Type
                  2    0[BANK0 ] unsigned int 
 Registers used:
		wreg
 Tracked objects:
		On entry : 
		On exit  : 
		Unchanged: 
 Data sizes:     COMMON   BANK0   BANK1   BANK3   BANK2
      Params:         0       2       0       0       0
      Locals:         0       2       0       0       0
      Temps:          0       0       0       0       0
      Totals:         0       4       0       0       0
Total ram usage:        4 bytes
 Hardware stack levels used:    1
 Hardware stack levels required when called:    1
 This function calls:
		Nothing
 This function is called by:
		_ActualizarMEFI2C
		_ActualizarMEFUART
 This function uses a non-reentrant model


 *************** function _My_I2C_ReadResult *****************
 Defined at:
		line 272 in file "i2c.h"
 Parameters:    Size  Location     Type
		None
 Auto vars:     Size  Location     Type
  x               2    3[BANK0 ] int 
  readback        1    5[BANK0 ] unsigned char 
 Return value:  Size  Location     Type
                  1    wreg      unsigned char 
 Registers used:
		wreg, status,2, status,0, btemp+1, pclath, cstack
 Tracked objects:
		On entry : 
		On exit  : 
		Unchanged: 
 Data sizes:     COMMON   BANK0   BANK1   BANK3   BANK2
      Params:         0       0       0       0       0
      Locals:         0       3       0       0       0
      Temps:          0       2       0       0       0
      Totals:         0       5       0       0       0
Total ram usage:        5 bytes
 Hardware stack levels used:    1
 Hardware stack levels required when called:    2
 This function calls:
		_I2C_Delay
		_I2C_WaitForSlave
		_SCL_High
		_SCL_Low
		_SDA_High
 This function is called by:
		_ActualizarMEFI2C
		_I2C_ReadRegister2
 This function uses a non-reentrant model


 *************** function _I2C_WaitForSlave *****************
 Defined at:
		line 227 in file "i2c.h"
 Parameters:    Size  Location     Type
		None
 Auto vars:     Size  Location     Type
		None
 Return value:  Size  Location     Type
                  1    wreg      void 
 Registers used:
		None
 Tracked objects:
		On entry : 
		On exit  : 
		Unchanged: 
 Data sizes:     COMMON   BANK0   BANK1   BANK3   BANK2
      Params:         0       0       0       0       0
      Locals:         0       0       0       0       0
      Temps:          0       0       0       0       0
      Totals:         0       0       0       0       0
Total ram usage:        0 bytes
 Hardware stack levels used:    1
 Hardware stack levels required when called:    1
 This function calls:
		Nothing
 This function is called by:
		_My_I2C_ReadResult
		_I2C_ReadResult
 This function uses a non-reentrant model


 *************** function _I2C_WriteToAddress *****************
 Defined at:
		line 296 in file "i2c.h"
 Parameters:    Size  Location     Type
  deviceAddres    1    wreg     unsigned char 
 Auto vars:     Size  Location     Type
  deviceAddres    1    9[BANK0 ] unsigned char 
  temp            1   10[BANK0 ] unsigned char 
 Return value:  Size  Location     Type
                  1    wreg      void 
 Registers used:
		wreg, status,2, status,0, btemp+1, pclath, cstack
 Tracked objects:
		On entry : 
		On exit  : 
		Unchanged: 
 Data sizes:     COMMON   BANK0   BANK1   BANK3   BANK2
      Params:         0       0       0       0       0
      Locals:         0       2       0       0       0
      Temps:          0       2       0       0       0
      Totals:         0       4       0       0       0
Total ram usage:        4 bytes
 Hardware stack levels used:    1
 Hardware stack levels required when called:    4
 This function calls:
		_I2C_WriteByte
 This function is called by:
		_ActualizarMEFI2C
		_I2C_ReadRegister
		_I2C_WriteRegister
		_I2C_ReadRegister2
 This function uses a non-reentrant model


 *************** function _I2C_Stop *****************
 Defined at:
		line 215 in file "i2c.h"
 Parameters:    Size  Location     Type
		None
 Auto vars:     Size  Location     Type
		None
 Return value:  Size  Location     Type
                  1    wreg      void 
 Registers used:
		wreg, status,2, status,0, pclath, cstack
 Tracked objects:
		On entry : 
		On exit  : 
		Unchanged: 
 Data sizes:     COMMON   BANK0   BANK1   BANK3   BANK2
      Params:         0       0       0       0       0
      Locals:         0       0       0       0       0
      Temps:          0       0       0       0       0
      Totals:         0       0       0       0       0
Total ram usage:        0 bytes
 Hardware stack levels used:    1
 Hardware stack levels required when called:    2
 This function calls:
		_I2C_Delay
		_SCL_High
		_SCL_Low
		_SDA_High
		_SDA_Low
 This function is called by:
		_ActualizarMEFI2C
		_I2C_WriteRegister
		_I2C_Test
		_I2C_ReadRegister2
 This function uses a non-reentrant model


 *************** function _I2C_Start *****************
 Defined at:
		line 204 in file "i2c.h"
 Parameters:    Size  Location     Type
		None
 Auto vars:     Size  Location     Type
		None
 Return value:  Size  Location     Type
                  1    wreg      void 
 Registers used:
		wreg, status,2, status,0, pclath, cstack
 Tracked objects:
		On entry : 
		On exit  : 
		Unchanged: 
 Data sizes:     COMMON   BANK0   BANK1   BANK3   BANK2
      Params:         0       0       0       0       0
      Locals:         0       0       0       0       0
      Temps:          0       0       0       0       0
      Totals:         0       0       0       0       0
Total ram usage:        0 bytes
 Hardware stack levels used:    1
 Hardware stack levels required when called:    2
 This function calls:
		_I2C_Delay
		_SCL_High
		_SCL_Low
		_SDA_High
		_SDA_Low
 This function is called by:
		_ActualizarMEFI2C
		_I2C_ReadRegister
		_I2C_WriteRegister
		_I2C_Test
		_I2C_ReadRegister2
 This function uses a non-reentrant model


 *************** function _I2C_ReadFromAddress *****************
 Defined at:
		line 303 in file "i2c.h"
 Parameters:    Size  Location     Type
  deviceAddres    1    wreg     unsigned char 
 Auto vars:     Size  Location     Type
  deviceAddres    1    7[BANK0 ] unsigned char 
 Return value:  Size  Location     Type
                  1    wreg      void 
 Registers used:
		wreg, status,2, status,0, btemp+1, pclath, cstack
 Tracked objects:
		On entry : 
		On exit  : 
		Unchanged: 
 Data sizes:     COMMON   BANK0   BANK1   BANK3   BANK2
      Params:         0       0       0       0       0
      Locals:         0       1       0       0       0
      Temps:          0       0       0       0       0
      Totals:         0       1       0       0       0
Total ram usage:        1 bytes
 Hardware stack levels used:    1
 Hardware stack levels required when called:    4
 This function calls:
		_I2C_WriteByte
 This function is called by:
		_ActualizarMEFI2C
		_I2C_ReadRegister
		_I2C_ReadRegister2
 This function uses a non-reentrant model


 *************** function _I2C_WriteByte *****************
 Defined at:
		line 234 in file "i2c.h"
 Parameters:    Size  Location     Type
  theByte         1    wreg     unsigned char 
 Auto vars:     Size  Location     Type
  theByte         1    3[BANK0 ] unsigned char 
  x               2    4[BANK0 ] int 
  temp            1    6[BANK0 ] unsigned char 
 Return value:  Size  Location     Type
                  1    wreg      void 
 Registers used:
		wreg, status,2, status,0, btemp+1, pclath, cstack
 Tracked objects:
		On entry : 
		On exit  : 
		Unchanged: 
 Data sizes:     COMMON   BANK0   BANK1   BANK3   BANK2
      Params:         0       0       0       0       0
      Locals:         0       4       0       0       0
      Temps:          0       2       0       0       0
      Totals:         0       6       0       0       0
Total ram usage:        6 bytes
 Hardware stack levels used:    1
 Hardware stack levels required when called:    3
 This function calls:
		_I2C_SendOne
		_I2C_SendZero
 This function is called by:
		_I2C_WriteToAddress
		_I2C_ReadFromAddress
		_ActualizarMEFI2C
		_I2C_ReadRegister
		_I2C_WriteRegister
		_I2C_Test
		_I2C_ReadRegister2
 This function uses a non-reentrant model


 *************** function _I2C_SendZero *****************
 Defined at:
		line 188 in file "i2c.h"
 Parameters:    Size  Location     Type
		None
 Auto vars:     Size  Location     Type
		None
 Return value:  Size  Location     Type
                  1    wreg      void 
 Registers used:
		wreg, status,2, status,0, pclath, cstack
 Tracked objects:
		On entry : 
		On exit  : 
		Unchanged: 
 Data sizes:     COMMON   BANK0   BANK1   BANK3   BANK2
      Params:         0       0       0       0       0
      Locals:         0       0       0       0       0
      Temps:          0       0       0       0       0
      Totals:         0       0       0       0       0
Total ram usage:        0 bytes
 Hardware stack levels used:    1
 Hardware stack levels required when called:    2
 This function calls:
		_I2C_Delay
		_SCL_High
		_SCL_Low
		_SDA_Low
 This function is called by:
		_I2C_WriteByte
		_ActualizarMEFI2C
		_I2C_ReadRegister2
 This function uses a non-reentrant model


 *************** function _SDA_Low *****************
 Defined at:
		line 151 in file "i2c.h"
 Parameters:    Size  Location     Type
		None
 Auto vars:     Size  Location     Type
		None
 Return value:  Size  Location     Type
                  1    wreg      void 
 Registers used:
		None
 Tracked objects:
		On entry : 
		On exit  : 
		Unchanged: 
 Data sizes:     COMMON   BANK0   BANK1   BANK3   BANK2
      Params:         0       0       0       0       0
      Locals:         0       0       0       0       0
      Temps:          0       0       0       0       0
      Totals:         0       0       0       0       0
Total ram usage:        0 bytes
 Hardware stack levels used:    1
 Hardware stack levels required when called:    1
 This function calls:
		Nothing
 This function is called by:
		_I2C_SendZero
		_I2C_Start
		_I2C_Stop
		_I2C_ReadResult
 This function uses a non-reentrant model


 *************** function _I2C_SendOne *****************
 Defined at:
		line 196 in file "i2c.h"
 Parameters:    Size  Location     Type
		None
 Auto vars:     Size  Location     Type
		None
 Return value:  Size  Location     Type
                  1    wreg      void 
 Registers used:
		wreg, status,2, status,0, pclath, cstack
 Tracked objects:
		On entry : 
		On exit  : 
		Unchanged: 
 Data sizes:     COMMON   BANK0   BANK1   BANK3   BANK2
      Params:         0       0       0       0       0
      Locals:         0       0       0       0       0
      Temps:          0       0       0       0       0
      Totals:         0       0       0       0       0
Total ram usage:        0 bytes
 Hardware stack levels used:    1
 Hardware stack levels required when called:    2
 This function calls:
		_I2C_Delay
		_SCL_High
		_SCL_Low
		_SDA_High
 This function is called by:
		_I2C_WriteByte
		_ActualizarMEFI2C
		_I2C_ReadRegister2
 This function uses a non-reentrant model


 *************** function _SDA_High *****************
 Defined at:
		line 158 in file "i2c.h"
 Parameters:    Size  Location     Type
		None
 Auto vars:     Size  Location     Type
		None
 Return value:  Size  Location     Type
                  1    wreg      void 
 Registers used:
		None
 Tracked objects:
		On entry : 
		On exit  : 
		Unchanged: 
 Data sizes:     COMMON   BANK0   BANK1   BANK3   BANK2
      Params:         0       0       0       0       0
      Locals:         0       0       0       0       0
      Temps:          0       0       0       0       0
      Totals:         0       0       0       0       0
Total ram usage:        0 bytes
 Hardware stack levels used:    1
 Hardware stack levels required when called:    1
 This function calls:
		Nothing
 This function is called by:
		_I2C_SendOne
		_I2C_Start
		_I2C_Stop
		_My_I2C_ReadResult
		_I2C_ReadResult
 This function uses a non-reentrant model


 *************** function _SCL_Low *****************
 Defined at:
		line 138 in file "i2c.h"
 Parameters:    Size  Location     Type
		None
 Auto vars:     Size  Location     Type
		None
 Return value:  Size  Location     Type
                  1    wreg      void 
 Registers used:
		None
 Tracked objects:
		On entry : 
		On exit  : 
		Unchanged: 
 Data sizes:     COMMON   BANK0   BANK1   BANK3   BANK2
      Params:         0       0       0       0       0
      Locals:         0       0       0       0       0
      Temps:          0       0       0       0       0
      Totals:         0       0       0       0       0
Total ram usage:        0 bytes
 Hardware stack levels used:    1
 Hardware stack levels required when called:    1
 This function calls:
		Nothing
 This function is called by:
		_I2C_SendZero
		_I2C_SendOne
		_I2C_Start
		_I2C_Stop
		_My_I2C_ReadResult
		_I2C_ReadResult
 This function uses a non-reentrant model


 *************** function _SCL_High *****************
 Defined at:
		line 146 in file "i2c.h"
 Parameters:    Size  Location     Type
		None
 Auto vars:     Size  Location     Type
		None
 Return value:  Size  Location     Type
                  1    wreg      void 
 Registers used:
		None
 Tracked objects:
		On entry : 
		On exit  : 
		Unchanged: 
 Data sizes:     COMMON   BANK0   BANK1   BANK3   BANK2
      Params:         0       0       0       0       0
      Locals:         0       0       0       0       0
      Temps:          0       0       0       0       0
      Totals:         0       0       0       0       0
Total ram usage:        0 bytes
 Hardware stack levels used:    1
 Hardware stack levels required when called:    1
 This function calls:
		Nothing
 This function is called by:
		_I2C_SendZero
		_I2C_SendOne
		_I2C_Start
		_I2C_Stop
		_My_I2C_ReadResult
		_I2C_ReadResult
 This function uses a non-reentrant model


 *************** function _I2C_Delay *****************
 Defined at:
		line 130 in file "i2c.h"
 Parameters:    Size  Location     Type
		None
 Auto vars:     Size  Location     Type
		None
 Return value:  Size  Location     Type
                  1    wreg      void 
 Registers used:
		wreg
 Tracked objects:
		On entry : 
		On exit  : 
		Unchanged: 
 Data sizes:     COMMON   BANK0   BANK1   BANK3   BANK2
      Params:         0       0       0       0       0
      Locals:         0       0       0       0       0
      Temps:          0       1       0       0       0
      Totals:         0       1       0       0       0
Total ram usage:        1 bytes
 Hardware stack levels used:    1
 Hardware stack levels required when called:    1
 This function calls:
		Nothing
 This function is called by:
		_I2C_SendZero
		_I2C_SendOne
		_I2C_Start
		_I2C_Stop
		_My_I2C_ReadResult
		_I2C_ReadResult
 This function uses a non-reentrant model


 *************** function _isr *****************
 Defined at:
		line 19 in file "interrupts.c"
 Parameters:    Size  Location     Type
		None
 Auto vars:     Size  Location     Type
		None
 Return value:  Size  Location     Type
                  1    wreg      void 
 Registers used:
		wreg, status,2, status,0
 Tracked objects:
		On entry : 
		On exit  : 
		Unchanged: 
 Data sizes:     COMMON   BANK0   BANK1   BANK3   BANK2
      Params:         0       0       0       0       0
      Locals:         0       0       0       0       0
      Temps:          5       0       0       0       0
      Totals:         5       0       0       0       0
Total ram usage:        5 bytes
 Hardware stack levels used:    1
 This function calls:
		Nothing
 This function is called by:
		Interrupt level 1
 This function uses a non-reentrant model



MODULE INFORMATION

Module		Function		Class		Link	Load	Size
interrupts.c
		_isr           		CODE           	021E	0000	23

interrupts.c estimated size: 23

i2c.h
		_I2C_ReadFromAddress		CODE           	02B2	0000	9
		_SCL_High      		CODE           	02E2	0000	5
		_I2C_WriteToAddress		CODE           	025D	0000	19
		_My_I2C_ReadResult		CODE           	0143	0000	77
		_SDA_Low       		CODE           	02C2	0000	8
		_I2C_Stop      		CODE           	0206	0000	25
		_I2C_WriteByte 		CODE           	018F	0000	60
		_I2C_WaitForSlave		CODE           	02E8	0000	2
		_I2C_SendOne   		CODE           	028E	0000	16
		_I2C_Delay     		CODE           	02BA	0000	9
		_I2C_SendZero  		CODE           	027F	0000	16
		_SDA_High      		CODE           	02DE	0000	5
		_I2C_Start     		CODE           	0234	0000	22
		_SCL_Low       		CODE           	02C9	0000	8

i2c.h estimated size: 281

shared
		__initialization		CODE           	0013	0000	16

shared estimated size: 16

user.c
		_RxMode        		CODE           	02D5	0000	6
		_TxMode        		CODE           	02D0	0000	6
		_InicializarMEFI2C		CODE           	02E6	0000	3
		_InicializarMEFUART		CODE           	02DA	0000	5
		_tickRead      		CODE           	029D	0000	14
		_uartConfig    		CODE           	0249	0000	21
		_ActualizarMEFI2C		CODE           	00C4	0000	128
		_ActualizarMEFUART		CODE           	0025	0000	160
		_initApp       		CODE           	01CA	0000	37
		_uartWriteByte 		CODE           	02AA	0000	9
		_uartReadByte  		CODE           	026F	0000	17

user.c estimated size: 406

main.c
		_main          		CODE           	01EE	0000	25

main.c estimated size: 25

