Microchip MPLAB XC8 Compiler V1.45 ()

Linker command line:

-W-3 --edf=C:\Program Files\Microchip\xc8\v1.45\dat\en_msgs.txt -cs \
  -h+dist/PIC18F4550_Pickit2/production\USB_FAMELI_MASTERv6.1.X.production.sym \
  --cmf=dist/PIC18F4550_Pickit2/production\USB_FAMELI_MASTERv6.1.X.production.cmf \
  -z -Q18F2550 -oC:\Users\Alumno\AppData\Local\Temp\s3to.2 \
  -Mdist/PIC18F4550_Pickit2/production/USB_FAMELI_MASTERv6.1.X.production.map \
  -E1 -ver=XC8 -ASTACK=0D6h-03ffh -pstack=STACK -ACODE=00h-07FFFh \
  -ACONST=00h-07FFFh -ASMALLCONST=0800h-08FFhx120 \
  -AMEDIUMCONST=0800h-07FFFh -ACOMRAM=01h-05Fh -AABS1=00h-07FFh \
  -ABIGRAM=01h-07FFh -ARAM=060h-0FFh,0100h-01FFhx7 -ABANK0=060h-0FFh \
  -ABANK1=0100h-01FFh -ABANK2=0200h-02FFh -ABANK3=0300h-03FFh \
  -ABANK4=0400h-04FFh -ABANK5=0500h-05FFh -ABANK6=0600h-06FFh \
  -ABANK7=0700h-07FFh -ASFR=0F60h-0FFFh \
  -preset_vec=00h,intcode=08h,intcodelo,powerup,init -pramtop=0800h \
  -psmallconst=SMALLCONST -pmediumconst=MEDIUMCONST -pconst=CONST \
  -AFARRAM=00h-00h -ACONFIG=0300000h-030000Dh -pconfig=CONFIG \
  -AIDLOC=0200000h-0200007h -pidloc=IDLOC -AEEDATA=0F00000h-0F000FFh \
  -peeprom_data=EEDATA \
  -prdata=COMRAM,nvrram=COMRAM,nvbit=COMRAM,rbss=COMRAM,rbit=COMRAM \
  -pfarbss=FARRAM,fardata=FARRAM,nvFARRAM=FARRAM \
  -pintsave_regs=BIGRAM,bigbss=BIGRAM,bigdata=BIGRAM -pbss=RAM \
  -pidata=CODE,irdata=CODE,ibigdata=CODE,ifardata=CODE -prparam=COMRAM \
  C:\Users\Alumno\AppData\Local\Temp\s3to.obj \
  dist/PIC18F4550_Pickit2/production\USB_FAMELI_MASTERv6.1.X.production.obj 

Object code version is 3.11

Machine type is 18F2550

Call graph: (short form)




                Name                               Link     Load   Length Selector   Space Scale
C:\Users\Alumno\AppData\Local\Temp\s3to.obj
                init                                  E        E        4        4       0
                reset_vec                             0        0        4        0       0
                idloc                            200000   200000        8   200000       0
                config                           300000   300000        E   300000       0
dist/PIC18F4550_Pickit2/production\USB_FAMELI_MASTERv6.1.X.production.obj
                intcode                               8        8        6        4       0
                temp                                 5C       5C        1        1       1
                smallconst                          800      800       D6      400       0
                text49                             1CDA     1CDA       CC      46B       0
                text48                             1E6A     1E6A       C2      46B       0
                text47                             1DA6     1DA6       C4      46B       0
                text46                             1710     1710      10E      46B       0
                text45                             24E4     24E4       5C      46B       0
                text44                             22FC     22FC       94      46B       0
                text43                             268C     268C       3C      46B       0
                text42                             1924     1924      102      46B       0
                text41                             2420     2420       64      46B       0
                text40                             1F2C     1F2C       B0      46B       0
                text39                             2876     2876       1E      46B       0
                text38                             2484     2484       60      46B       0
                text37                              EA4      EA4      280      46B       0
                text36                             14CE     14CE      12E      46B       0
                text35                             208A     208A       A8      46B       0
                text34                             27C2     27C2       2C      46B       0
                text33                             1BFA     1BFA       E0      46B       0
                text32                             1B18     1B18       E2      46B       0
                text31                             2132     2132       9E      46B       0
                text30                             1A26     1A26       F2      46B       0
                text29                             2390     2390       90      46B       0
                text28                             2584     2584       44      46B       0
                text27                             2266     2266       96      46B       0
                text26                             2856     2856       20      46B       0
                text25                             260A     260A       42      46B       0
                text24                             2794     2794       2E      46B       0
                text23                             26FE     26FE       36      46B       0
                text22                             1262     1262      13E      46B       0
                text21                             13A0     13A0      12E      46B       0
                intcode_body                       1FDC     1FDC       AE      46B       0
                text19                             28F4     28F4        6      46B       0
                text18                             28EE     28EE        6      46B       0
                text17                             181E     181E      106      46B       0
                text16                             21D0     21D0       96      46B       0
                text15                             264C     264C       40      46B       0
                text14                             15FC     15FC      114      46B       0
                text13                             2814     2814       22      46B       0
                text12                             2540     2540       44      46B       0
                text11                             28AC     28AC       16      46B       0
                text10                             2894     2894       18      46B       0
                text9                              28D6     28D6        E      46B       0
                text8                               8D6      8D6      5CE      46B       0
                text7                              2836     2836       20      46B       0
                text6                              2764     2764       30      46B       0
                text5                              2734     2734       30      46B       0
                text4                              1124     1124      13E      46B       0
                text3                              28E4     28E4        A      46B       0
                text2                              28C2     28C2       14      46B       0
                text1                              26C8     26C8       36      46B       0
                text0                              25C8     25C8       42      46B       0
                cstackCOMRAM                          1        1       2E        1       1
                cstackBANK0                          B5       B5       21       60       1
                bssBANK0                             60       60       55       60       1
                bssCOMRAM                            2F       2F       2D        1       1
                cinit                              27EE     27EE       26      46B       0

TOTAL           Name                               Link     Load   Length     Space
        CLASS   STACK          

        CLASS   CODE           
                intcode                               8        8        6         0
                init                                  E        E        4         0
                reset_vec                             0        0        4         0
                text49                             1CDA     1CDA       CC         0
                text48                             1E6A     1E6A       C2         0
                text47                             1DA6     1DA6       C4         0
                text46                             1710     1710      10E         0
                text45                             24E4     24E4       5C         0
                text44                             22FC     22FC       94         0
                text43                             268C     268C       3C         0
                text42                             1924     1924      102         0
                text41                             2420     2420       64         0
                text40                             1F2C     1F2C       B0         0
                text39                             2876     2876       1E         0
                text38                             2484     2484       60         0
                text37                              EA4      EA4      280         0
                text36                             14CE     14CE      12E         0
                text35                             208A     208A       A8         0
                text34                             27C2     27C2       2C         0
                text33                             1BFA     1BFA       E0         0
                text32                             1B18     1B18       E2         0
                text31                             2132     2132       9E         0
                text30                             1A26     1A26       F2         0
                text29                             2390     2390       90         0
                text28                             2584     2584       44         0
                text27                             2266     2266       96         0
                text26                             2856     2856       20         0
                text25                             260A     260A       42         0
                text24                             2794     2794       2E         0
                text23                             26FE     26FE       36         0
                text22                             1262     1262      13E         0
                text21                             13A0     13A0      12E         0
                intcode_body                       1FDC     1FDC       AE         0
                text19                             28F4     28F4        6         0
                text18                             28EE     28EE        6         0
                text17                             181E     181E      106         0
                text16                             21D0     21D0       96         0
                text15                             264C     264C       40         0
                text14                             15FC     15FC      114         0
                text13                             2814     2814       22         0
                text12                             2540     2540       44         0
                text11                             28AC     28AC       16         0
                text10                             2894     2894       18         0
                text9                              28D6     28D6        E         0
                text8                               8D6      8D6      5CE         0
                text7                              2836     2836       20         0
                text6                              2764     2764       30         0
                text5                              2734     2734       30         0
                text4                              1124     1124      13E         0
                text3                              28E4     28E4        A         0
                text2                              28C2     28C2       14         0
                text1                              26C8     26C8       36         0
                text0                              25C8     25C8       42         0
                cinit                              27EE     27EE       26         0

        CLASS   CONST          

        CLASS   SMALLCONST     
                smallconst                          800      800       D6         0

        CLASS   MEDIUMCONST    

        CLASS   COMRAM         
                temp                                 5C       5C        1         1
                cstackCOMRAM                          1        1       2E         1
                bssCOMRAM                            2F       2F       2D         1

        CLASS   ABS1           
                abs_s1                              400      400       50         1
                abs_s1                              500      500       80         1

        CLASS   BIGRAM         

        CLASS   RAM            

        CLASS   BANK0          
                cstackBANK0                          B5       B5       21         1
                bssBANK0                             60       60       55         1

        CLASS   BANK1          

        CLASS   BANK2          

        CLASS   BANK3          

        CLASS   BANK4          

        CLASS   BANK5          

        CLASS   BANK6          

        CLASS   BANK7          

        CLASS   SFR            

        CLASS   FARRAM         

        CLASS   CONFIG         
                config                           300000   300000        E         0

        CLASS   IDLOC          
                idloc                            200000   200000        8         0

        CLASS   EEDATA         



SEGMENTS        Name                           Load    Length   Top    Selector   Space  Class

                reset_vec                      000000  000004  000004         0       0  CODE    
                cstackCOMRAM                   000001  00005C  00005D         1       1  COMRAM  
                intcode                        000008  00000A  000012         4       0  CODE    
                bssBANK0                       000060  000076  0000D6        60       1  BANK0   
                smallconst                     000800  0000D6  0008D6       400       0  SMALLCON
                text8                          0008D6  002024  0028FA       46B       0  CODE    
                idloc                          200000  000008  200008    200000       0  IDLOC   
                config                         300000  00000E  30000E    300000       0  CONFIG  


UNUSED ADDRESS RANGES

        Name                Unused          Largest block    Delta
        BANK0            0000D6-0000FF               2A
        BANK1            000100-0001FF              100
        BANK2            000200-0002FF              100
        BANK3            000300-0003FF              100
        BANK4            000450-0004FF               B0
        BANK5            000580-0005FF               80
        BANK6            000600-0006FF              100
        BANK7            000700-0007FF              100
        BIGRAM           00005D-00005F                3
                         0000D6-0003FF              32A
                         000450-0004FF               B0
                         000580-0007FF              280
        CODE             000004-000007                4
                         000012-0007FF              7EE
                         0028FA-007FFF             5706
        COMRAM           00005D-00005F                3
        CONST            000004-000007                4
                         000012-0007FF              7EE
                         0028FA-007FFF             5706
        EEDATA           F00000-F000FF              100
        MEDIUMCONST      0028FA-007FFF             5706
        RAM              0000D6-0003FF              100
                         000450-0004FF               B0
                         000580-0007FF              100
        SFR              000F60-000FFF               A0
        SMALLCONST       0028FA-007FFF              100
        STACK            0000D6-0003FF              32A

                                  Symbol Table

?_USBTransferOnePacket                    cstackBANK0  0000B5
?_tickRead                                cstackBANK0  0000B5
?i2_USBTransferOnePacket                  cstackCOMRAM 000001
ActualizarMasterMEF@aux                   bssBANK0     0000B3
ActualizarMasterMEF@data                  bssBANK0     0000B4
ActualizarMasterMEF@datousb               bssBANK0     0000B2
ActualizarMasterMEF@i                     bssBANK0     00009F
ActualizarMasterMEF@lux                   bssBANK0     000094
ActualizarMasterMEF@pkg                   cstackBANK0  0000C9
ActualizarMasterMEF@target                bssBANK0     0000A0
ActualizarMasterMEF@temp                  bssBANK0     00009E
CDCTxService@byte_to_send                 cstackBANK0  0000C1
CDCTxService@i                            cstackBANK0  0000C0
USBConfigureEndpoint@EPNum                cstackCOMRAM 000006
USBConfigureEndpoint@direction            cstackCOMRAM 000001
USBConfigureEndpoint@handle               cstackCOMRAM 000007
USBCtrlTrfInHandler@lastDTS               cstackCOMRAM 000002
USBCtrlTrfRxService@byteToRead            cstackCOMRAM 000002
USBCtrlTrfRxService@i                     cstackCOMRAM 000001
USBCtrlTrfTxService@byteToSend            cstackCOMRAM 000001
USBDeviceInit@i                           cstackBANK0  0000BD
USBDeviceTasks@i                          cstackCOMRAM 00001C
USBEnableEndpoint@ep                      cstackCOMRAM 00000C
USBEnableEndpoint@options                 cstackCOMRAM 000009
USBEnableEndpoint@p                       cstackCOMRAM 00000A
USBStdFeatureReqHandler@current_ep_data   cstackCOMRAM 000018
USBStdFeatureReqHandler@p                 cstackCOMRAM 000019
USBStdFeatureReqHandler@pUEP              cstackCOMRAM 000016
USBStdGetStatusHandler@p                  cstackCOMRAM 000002
USBStdSetCfgHandler@i                     cstackCOMRAM 000015
USBTransferOnePacket@data                 cstackBANK0  0000B6
USBTransferOnePacket@dir                  cstackBANK0  0000B5
USBTransferOnePacket@ep                   cstackBANK0  0000BD
USBTransferOnePacket@handle               cstackBANK0  0000BE
USBTransferOnePacket@len                  cstackBANK0  0000B8
USBuartReadByte@numBytesRead              cstackBANK0  0000C6
USBuartReadByte@receivedByte              cstackBANK0  0000C4
USBuartWriteByte@dato                     cstackBANK0  0000C3
USER_USB_CALLBACK_EVENT_HANDLER@event     cstackCOMRAM 00000D
USER_USB_CALLBACK_EVENT_HANDLER@pdata     cstackCOMRAM 00000F
USER_USB_CALLBACK_EVENT_HANDLER@size      cstackCOMRAM 000011
_ActualizarMasterMEF                      text8        0008D6
_BDT                                      (abs)        000400
_BRGH                                     (abs)        007D62
_BaudRateGen                              bssBANK0     000088
_BothEP0OutUOWNsSet                       bssCOMRAM    00004D
_CDCDataInHandle                          bssCOMRAM    00003B
_CDCDataOutHandle                         bssBANK0     00009C
_CDCInitEP                                text41       002420
_CDCTxService                             text14       0015FC
_CREN                                     (abs)        007D5C
_CtrlTrfData                              (abs)        000448
_GIE                                      (abs)        007F97
_INTCONbits                               (abs)        000FF2
_IPR2bits                                 (abs)        000FA2
_IniciarMasterMEF                         text7        002836
_PCFG0                                    (abs)        007E08
_PCFG1                                    (abs)        007E09
_PCFG2                                    (abs)        007E0A
_PCFG3                                    (abs)        007E0B
_PIE2bits                                 (abs)        000FA0
_PIR2bits                                 (abs)        000FA1
_PORTAbits                                (abs)        000F80
_PORTCbits                                (abs)        000F82
_PSA                                      (abs)        007EAB
_RCIF                                     (abs)        007CF5
_RCONbits                                 (abs)        000FD0
_RCREG                                    (abs)        000FAE
_RemoteWakeup                             bssCOMRAM    00004F
_RxMode                                   text19       0028F4
_SPBRG                                    (abs)        000FAF
_SPEN                                     (abs)        007D5F
_SYNC                                     (abs)        007D64
_SetupPkt                                 (abs)        000440
_T0CS                                     (abs)        007EAD
_T0PS0                                    (abs)        007EA8
_T0PS1                                    (abs)        007EA9
_T0PS2                                    (abs)        007EAA
_T1CKPS0                                  (abs)        007E6C
_T1CKPS1                                  (abs)        007E6D
_TMR0                                     (abs)        000FD6
_TMR0IE                                   (abs)        007F95
_TMR0IF                                   (abs)        007F92
_TMR1CS                                   (abs)        007E69
_TRISAbits                                (abs)        000F92
_TRISBbits                                (abs)        000F93
_TRISC6                                   (abs)        007CA6
_TRISC7                                   (abs)        007CA7
_TRISCbits                                (abs)        000F94
_TXEN                                     (abs)        007D65
_TXIF                                     (abs)        007CF4
_TXREG                                    (abs)        000FAD
_TxMode                                   text18       0028EE
_UADDR                                    (abs)        000F6E
_UCFG                                     (abs)        000F6F
_UCON                                     (abs)        000F6D
_UCONbits                                 (abs)        000F6D
_UEIE                                     (abs)        000F6B
_UEIR                                     (abs)        000F6A
_UEP0                                     (abs)        000F70
_UEP0bits                                 (abs)        000F70
_UEP1                                     (abs)        000F71
_UIE                                      (abs)        000F69
_UIEbits                                  (abs)        000F69
_UIR                                      (abs)        000F68
_UIRbits                                  (abs)        000F68
_USB1msTickCount                          bssCOMRAM    00002F
_USBActiveConfiguration                   bssCOMRAM    00005B
_USBAlternateInterface                    bssBANK0     0000AE
_USBBusIsSuspended                        bssBANK0     0000A5
_USBCheckCDCRequest                       text40       001F2C
_USBCheckStdRequest                       text32       001B18
_USBConfigureEndpoint                     text44       0022FC
_USBCtrlEPAllowDataStage                  text31       002132
_USBCtrlEPAllowStatusStage                text47       001DA6
_USBCtrlEPService                         text27       002266
_USBCtrlEPServiceComplete                 text30       001A26
_USBCtrlTrfInHandler                      text48       001E6A
_USBCtrlTrfOutHandler                     text45       0024E4
_USBCtrlTrfRxService                      text46       001710
_USBCtrlTrfSetupHandler                   text29       002390
_USBCtrlTrfTxService                      text49       001CDA
_USBDeferINDataStagePackets               bssCOMRAM    000048
_USBDeferOUTDataStagePackets              bssCOMRAM    000047
_USBDeferStatusStagePacket                bssCOMRAM    00004B
_USBDeviceAttach                          text6        002764
_USBDeviceInit                            text4        001124
_USBDeviceState                           bssCOMRAM    000052
_USBDeviceTasks                           text21       0013A0
_USBEnableEndpoint                        text43       00268C
_USBIncrement1msInternalTimers            text26       002856
_USBStallHandler                          text25       00260A
_USBStatusStageEnabledFlag1               bssCOMRAM    00004A
_USBStatusStageEnabledFlag2               bssCOMRAM    000049
_USBStatusStageTimeoutCounter             bssCOMRAM    00004C
_USBStdFeatureReqHandler                  text37       000EA4
_USBStdGetDscHandler                      text36       0014CE
_USBStdGetStatusHandler                   text35       00208A
_USBStdSetCfgHandler                      text33       001BFA
_USBSuspend                               text24       002794
_USBTicksSinceSuspendEnd                  bssBANK0     0000A4
_USBTransferOnePacket                     text17       00181E
_USBWakeFromSuspend                       text23       0026FE
_USB_CD_Ptr                               smallconst   000811
_USB_SD_Ptr                               smallconst   00080B
_USBuartConfig                            text3        0028E4
_USBuartReadByte                          text15       00264C
_USBuartWriteByte                         text12       002540
_USER_USB_CALLBACK_EVENT_HANDLER          text38       002484
_USTAT                                    (abs)        000F6C
_USTATcopy                                bssCOMRAM    00005A
__CFG_BOR$ON                              (abs)        000000
__CFG_BORV$3                              (abs)        000000
__CFG_CP0$OFF                             (abs)        000000
__CFG_CP1$OFF                             (abs)        000000
__CFG_CPB$OFF                             (abs)        000000
__CFG_CPUDIV$OSC4_PLL6                    (abs)        000000
__CFG_EBTR0$OFF                           (abs)        000000
__CFG_EBTR1$OFF                           (abs)        000000
__CFG_EBTRB$OFF                           (abs)        000000
__CFG_FCMEN$OFF                           (abs)        000000
__CFG_FOSC$HSPLL_HS                       (abs)        000000
__CFG_IESO$OFF                            (abs)        000000
__CFG_LPT1OSC$OFF                         (abs)        000000
__CFG_LVP$OFF                             (abs)        000000
__CFG_MCLRE$ON                            (abs)        000000
__CFG_PBADEN$OFF                          (abs)        000000
__CFG_PLLDIV$5                            (abs)        000000
__CFG_PWRT$OFF                            (abs)        000000
__CFG_STVREN$ON                           (abs)        000000
__CFG_USBDIV$2                            (abs)        000000
__CFG_VREGEN$ON                           (abs)        000000
__CFG_WDT$OFF                             (abs)        000000
__CFG_WDTPS$32768                         (abs)        000000
__CFG_WRT0$OFF                            (abs)        000000
__CFG_WRT1$OFF                            (abs)        000000
__CFG_WRTB$OFF                            (abs)        000000
__CFG_WRTC$OFF                            (abs)        000000
__CFG_XINST$OFF                           (abs)        000000
__HRAM                                    (abs)        000000
__Habs1                                   abs1         000000
__Hbank0                                  bank0        000000
__Hbank1                                  bank1        000000
__Hbank2                                  bank2        000000
__Hbank3                                  bank3        000000
__Hbank4                                  bank4        000000
__Hbank5                                  bank5        000000
__Hbank6                                  bank6        000000
__Hbank7                                  bank7        000000
__Hbigbss                                 bigbss       000000
__Hbigdata                                bigdata      000000
__Hbigram                                 bigram       000000
__Hbss                                    bss          000000
__HbssBANK0                               bssBANK0     000000
__HbssCOMRAM                              bssCOMRAM    000000
__Hcinit                                  cinit        000000
__Hclrtext                                clrtext      000000
__Hcomram                                 comram       000000
__Hconfig                                 config       30000E
__Hconst                                  const        000000
__HcstackBANK0                            cstackBANK0  000000
__HcstackCOMRAM                           cstackCOMRAM 000000
__Hdata                                   data         000000
__Heeprom_data                            eeprom_data  000000
__Hfarbss                                 farbss       000000
__Hfardata                                fardata      000000
__Hibigdata                               ibigdata     000000
__Hidata                                  idata        000000
__Hidloc                                  idloc        200008
__Hifardata                               ifardata     000000
__Hinit                                   init         000012
__Hintcode                                intcode      00000E
__Hintcode_body                           intcode_body 000000
__Hintcodelo                              intcodelo    00000E
__Hintentry                               intentry     000000
__Hintret                                 intret       000000
__Hintsave_regs                           intsave_regs 000000
__Hirdata                                 irdata       000000
__Hmediumconst                            mediumconst  000000
__HnvFARRAM                               nvFARRAM     000000
__Hnvbit                                  nvbit        000000
__Hnvrram                                 nvrram       000000
__Hparam                                  rparam       000000
__Hpowerup                                powerup      00000E
__Hram                                    ram          000000
__Hramtop                                 ramtop       000800
__Hrbit                                   rbit         000000
__Hrbss                                   rbss         000000
__Hrdata                                  rdata        000000
__Hreset_vec                              reset_vec    000004
__Hrparam                                 rparam       000000
__Hsfr                                    sfr          000000
__Hsmallconst                             smallconst   0008D6
__Hspace_0                                (abs)        30000E
__Hspace_1                                (abs)        0000D6
__Hspace_2                                (abs)        000000
__Hstack                                  stack        000000
__Hstruct                                 struct       000000
__Htemp                                   temp         00005D
__Htext                                   text         000000
__Htext0                                  text0        000000
__Htext1                                  text1        000000
__Htext10                                 text10       000000
__Htext11                                 text11       000000
__Htext12                                 text12       000000
__Htext13                                 text13       000000
__Htext14                                 text14       000000
__Htext15                                 text15       000000
__Htext16                                 text16       000000
__Htext17                                 text17       000000
__Htext18                                 text18       000000
__Htext19                                 text19       000000
__Htext2                                  text2        000000
__Htext21                                 text21       000000
__Htext22                                 text22       000000
__Htext23                                 text23       000000
__Htext24                                 text24       000000
__Htext25                                 text25       000000
__Htext26                                 text26       000000
__Htext27                                 text27       000000
__Htext28                                 text28       000000
__Htext29                                 text29       000000
__Htext3                                  text3        000000
__Htext30                                 text30       000000
__Htext31                                 text31       000000
__Htext32                                 text32       000000
__Htext33                                 text33       000000
__Htext34                                 text34       000000
__Htext35                                 text35       000000
__Htext36                                 text36       000000
__Htext37                                 text37       000000
__Htext38                                 text38       000000
__Htext39                                 text39       000000
__Htext4                                  text4        000000
__Htext40                                 text40       000000
__Htext41                                 text41       000000
__Htext42                                 text42       000000
__Htext43                                 text43       000000
__Htext44                                 text44       000000
__Htext45                                 text45       000000
__Htext46                                 text46       000000
__Htext47                                 text47       000000
__Htext48                                 text48       000000
__Htext49                                 text49       000000
__Htext5                                  text5        000000
__Htext6                                  text6        000000
__Htext7                                  text7        000000
__Htext8                                  text8        000000
__Htext9                                  text9        000000
__LRAM                                    (abs)        000001
__Labs1                                   abs1         000000
__Lbank0                                  bank0        000000
__Lbank1                                  bank1        000000
__Lbank2                                  bank2        000000
__Lbank3                                  bank3        000000
__Lbank4                                  bank4        000000
__Lbank5                                  bank5        000000
__Lbank6                                  bank6        000000
__Lbank7                                  bank7        000000
__Lbigbss                                 bigbss       000000
__Lbigdata                                bigdata      000000
__Lbigram                                 bigram       000000
__Lbss                                    bss          000000
__LbssBANK0                               bssBANK0     000000
__LbssCOMRAM                              bssCOMRAM    000000
__Lcinit                                  cinit        000000
__Lclrtext                                clrtext      000000
__Lcomram                                 comram       000000
__Lconfig                                 config       300000
__Lconst                                  const        000000
__LcstackBANK0                            cstackBANK0  000000
__LcstackCOMRAM                           cstackCOMRAM 000000
__Ldata                                   data         000000
__Leeprom_data                            eeprom_data  000000
__Lfarbss                                 farbss       000000
__Lfardata                                fardata      000000
__Libigdata                               ibigdata     000000
__Lidata                                  idata        000000
__Lidloc                                  idloc        200000
__Lifardata                               ifardata     000000
__Linit                                   init         00000E
__Lintcode                                intcode      000008
__Lintcode_body                           intcode_body 000000
__Lintcodelo                              intcodelo    00000E
__Lintentry                               intentry     000000
__Lintret                                 intret       000000
__Lintsave_regs                           intsave_regs 000000
__Lirdata                                 irdata       000000
__Lmediumconst                            mediumconst  000000
__LnvFARRAM                               nvFARRAM     000000
__Lnvbit                                  nvbit        000000
__Lnvrram                                 nvrram       000000
__Lparam                                  rparam       000000
__Lpowerup                                powerup      00000E
__Lram                                    ram          000000
__Lramtop                                 ramtop       000800
__Lrbit                                   rbit         000000
__Lrbss                                   rbss         000000
__Lrdata                                  rdata        000000
__Lreset_vec                              reset_vec    000000
__Lrparam                                 rparam       000000
__Lsfr                                    sfr          000000
__Lsmallconst                             smallconst   000800
__Lspace_0                                (abs)        000000
__Lspace_1                                (abs)        000000
__Lspace_2                                (abs)        000000
__Lstack                                  stack        000000
__Lstruct                                 struct       000000
__Ltemp                                   temp         00005C
__Ltext                                   text         000000
__Ltext0                                  text0        000000
__Ltext1                                  text1        000000
__Ltext10                                 text10       000000
__Ltext11                                 text11       000000
__Ltext12                                 text12       000000
__Ltext13                                 text13       000000
__Ltext14                                 text14       000000
__Ltext15                                 text15       000000
__Ltext16                                 text16       000000
__Ltext17                                 text17       000000
__Ltext18                                 text18       000000
__Ltext19                                 text19       000000
__Ltext2                                  text2        000000
__Ltext21                                 text21       000000
__Ltext22                                 text22       000000
__Ltext23                                 text23       000000
__Ltext24                                 text24       000000
__Ltext25                                 text25       000000
__Ltext26                                 text26       000000
__Ltext27                                 text27       000000
__Ltext28                                 text28       000000
__Ltext29                                 text29       000000
__Ltext3                                  text3        000000
__Ltext30                                 text30       000000
__Ltext31                                 text31       000000
__Ltext32                                 text32       000000
__Ltext33                                 text33       000000
__Ltext34                                 text34       000000
__Ltext35                                 text35       000000
__Ltext36                                 text36       000000
__Ltext37                                 text37       000000
__Ltext38                                 text38       000000
__Ltext39                                 text39       000000
__Ltext4                                  text4        000000
__Ltext40                                 text40       000000
__Ltext41                                 text41       000000
__Ltext42                                 text42       000000
__Ltext43                                 text43       000000
__Ltext44                                 text44       000000
__Ltext45                                 text45       000000
__Ltext46                                 text46       000000
__Ltext47                                 text47       000000
__Ltext48                                 text48       000000
__Ltext49                                 text49       000000
__Ltext5                                  text5        000000
__Ltext6                                  text6        000000
__Ltext7                                  text7        000000
__Ltext8                                  text8        000000
__Ltext9                                  text9        000000
__S0                                      (abs)        30000E
__S1                                      (abs)        0000D6
__S2                                      (abs)        000000
___inthi_sp                               stack        000000
___intlo_sp                               stack        000000
___param_bank                             (abs)        000000
___rparam_used                            (abs)        000001
___sp                                     stack        000000
__accesstop                               (abs)        000060
__activetblptr                            (abs)        000002
__end_of_ActualizarMasterMEF              text8        000EA4
__end_of_CDCInitEP                        text41       002484
__end_of_CDCTxService                     text14       001710
__end_of_IniciarMasterMEF                 text7        002856
__end_of_RxMode                           text19       0028FA
__end_of_TxMode                           text18       0028F4
__end_of_USBCheckCDCRequest               text40       001FDC
__end_of_USBCheckStdRequest               text32       001BFA
__end_of_USBConfigureEndpoint             text44       002390
__end_of_USBCtrlEPAllowDataStage          text31       0021D0
__end_of_USBCtrlEPAllowStatusStage        text47       001E6A
__end_of_USBCtrlEPService                 text27       0022FC
__end_of_USBCtrlEPServiceComplete         text30       001B18
__end_of_USBCtrlTrfInHandler              text48       001F2C
__end_of_USBCtrlTrfOutHandler             text45       002540
__end_of_USBCtrlTrfRxService              text46       00181E
__end_of_USBCtrlTrfSetupHandler           text29       002420
__end_of_USBCtrlTrfTxService              text49       001DA6
__end_of_USBDeviceAttach                  text6        002794
__end_of_USBDeviceInit                    text4        001262
__end_of_USBDeviceTasks                   text21       0014CE
__end_of_USBEnableEndpoint                text43       0026C8
__end_of_USBIncrement1msInternalTimers    text26       002876
__end_of_USBStallHandler                  text25       00264C
__end_of_USBStdFeatureReqHandler          text37       001124
__end_of_USBStdGetDscHandler              text36       0015FC
__end_of_USBStdGetStatusHandler           text35       002132
__end_of_USBStdSetCfgHandler              text33       001CDA
__end_of_USBSuspend                       text24       0027C2
__end_of_USBTransferOnePacket             text17       001924
__end_of_USBWakeFromSuspend               text23       002734
__end_of_USB_CD_Ptr                       smallconst   000813
__end_of_USB_SD_Ptr                       smallconst   000811
__end_of_USBuartConfig                    text3        0028EE
__end_of_USBuartReadByte                  text15       00268C
__end_of_USBuartWriteByte                 text12       002584
__end_of_USER_USB_CALLBACK_EVENT_HANDLER  text38       0024E4
__end_of__initialization                  cinit        002806
__end_of_configDescriptor1                smallconst   000856
__end_of_device_dsc                       smallconst   0008D0
__end_of_getsUSBUSART                     text16       002266
__end_of_initApp                          text1        0026FE
__end_of_initCDC                          text39       002894
__end_of_isr                              intcode_body 00208A
__end_of_main                             text0        00260A
__end_of_memcpy                           text28       0025C8
__end_of_memset                           text5        002764
__end_of_putUSBUSART                      text13       002836
__end_of_sd000                            smallconst   0008D4
__end_of_sd001                            smallconst   0008BE
__end_of_sd002                            smallconst   00088A
__end_of_tickRead                         text11       0028C2
__end_of_uartConfig                       text2        0028D6
__end_of_uartReadByte                     text10       0028AC
__end_of_uartWriteByte                    text9        0028E4
__end_ofdisplayWrite@F3387                smallconst   00080B
__end_ofi2_USBDeviceInit                  text22       0013A0
__end_ofi2_USBTransferOnePacket           text42       001A26
__end_ofi2_memset                         text34       0027EE
__initialization                          cinit        0027EE
__mediumconst                             mediumconst  000000
__pbssBANK0                               bssBANK0     000060
__pbssCOMRAM                              bssCOMRAM    00002F
__pcinit                                  cinit        0027EE
__pcstackBANK0                            cstackBANK0  0000B5
__pcstackCOMRAM                           cstackCOMRAM 000001
__pintcode                                intcode      000008
__pintcode_body                           intcode_body 001FDC
__psmallconst                             smallconst   000800
__ptext0                                  text0        0025C8
__ptext1                                  text1        0026C8
__ptext10                                 text10       002894
__ptext11                                 text11       0028AC
__ptext12                                 text12       002540
__ptext13                                 text13       002814
__ptext14                                 text14       0015FC
__ptext15                                 text15       00264C
__ptext16                                 text16       0021D0
__ptext17                                 text17       00181E
__ptext18                                 text18       0028EE
__ptext19                                 text19       0028F4
__ptext2                                  text2        0028C2
__ptext21                                 text21       0013A0
__ptext22                                 text22       001262
__ptext23                                 text23       0026FE
__ptext24                                 text24       002794
__ptext25                                 text25       00260A
__ptext26                                 text26       002856
__ptext27                                 text27       002266
__ptext28                                 text28       002584
__ptext29                                 text29       002390
__ptext3                                  text3        0028E4
__ptext30                                 text30       001A26
__ptext31                                 text31       002132
__ptext32                                 text32       001B18
__ptext33                                 text33       001BFA
__ptext34                                 text34       0027C2
__ptext35                                 text35       00208A
__ptext36                                 text36       0014CE
__ptext37                                 text37       000EA4
__ptext38                                 text38       002484
__ptext39                                 text39       002876
__ptext4                                  text4        001124
__ptext40                                 text40       001F2C
__ptext41                                 text41       002420
__ptext42                                 text42       001924
__ptext43                                 text43       00268C
__ptext44                                 text44       0022FC
__ptext45                                 text45       0024E4
__ptext46                                 text46       001710
__ptext47                                 text47       001DA6
__ptext48                                 text48       001E6A
__ptext49                                 text49       001CDA
__ptext5                                  text5        002734
__ptext6                                  text6        002764
__ptext7                                  text7        002836
__ptext8                                  text8        0008D6
__ptext9                                  text9        0028D6
__ramtop                                  ramtop       000800
__size_of_ActualizarMasterMEF             (abs)        000000
__size_of_CDCInitEP                       (abs)        000000
__size_of_CDCTxService                    (abs)        000000
__size_of_IniciarMasterMEF                (abs)        000000
__size_of_RxMode                          (abs)        000000
__size_of_TxMode                          (abs)        000000
__size_of_USBCheckCDCRequest              (abs)        000000
__size_of_USBCheckStdRequest              (abs)        000000
__size_of_USBConfigureEndpoint            (abs)        000000
__size_of_USBCtrlEPAllowDataStage         (abs)        000000
__size_of_USBCtrlEPAllowStatusStage       (abs)        000000
__size_of_USBCtrlEPService                (abs)        000000
__size_of_USBCtrlEPServiceComplete        (abs)        000000
__size_of_USBCtrlTrfInHandler             (abs)        000000
__size_of_USBCtrlTrfOutHandler            (abs)        000000
__size_of_USBCtrlTrfRxService             (abs)        000000
__size_of_USBCtrlTrfSetupHandler          (abs)        000000
__size_of_USBCtrlTrfTxService             (abs)        000000
__size_of_USBDeviceAttach                 (abs)        000000
__size_of_USBDeviceInit                   (abs)        000000
__size_of_USBDeviceTasks                  (abs)        000000
__size_of_USBEnableEndpoint               (abs)        000000
__size_of_USBIncrement1msInternalTimers   (abs)        000000
__size_of_USBStallHandler                 (abs)        000000
__size_of_USBStdFeatureReqHandler         (abs)        000000
__size_of_USBStdGetDscHandler             (abs)        000000
__size_of_USBStdGetStatusHandler          (abs)        000000
__size_of_USBStdSetCfgHandler             (abs)        000000
__size_of_USBSuspend                      (abs)        000000
__size_of_USBTransferOnePacket            (abs)        000000
__size_of_USBWakeFromSuspend              (abs)        000000
__size_of_USBuartConfig                   (abs)        000000
__size_of_USBuartReadByte                 (abs)        000000
__size_of_USBuartWriteByte                (abs)        000000
__size_of_USER_USB_CALLBACK_EVENT_HANDLER (abs)        000000
__size_of_getsUSBUSART                    (abs)        000000
__size_of_initApp                         (abs)        000000
__size_of_initCDC                         (abs)        000000
__size_of_isr                             (abs)        000000
__size_of_main                            (abs)        000000
__size_of_memcpy                          (abs)        000000
__size_of_memset                          (abs)        000000
__size_of_putUSBUSART                     (abs)        000000
__size_of_tickRead                        (abs)        000000
__size_of_uartConfig                      (abs)        000000
__size_of_uartReadByte                    (abs)        000000
__size_of_uartWriteByte                   (abs)        000000
__size_ofi2_USBDeviceInit                 (abs)        000000
__size_ofi2_USBTransferOnePacket          (abs)        000000
__size_ofi2_memset                        (abs)        000000
__smallconst                              smallconst   000800
_cdc_data_rx                              (abs)        000540
_cdc_data_tx                              (abs)        000500
_cdc_mem_type                             bssCOMRAM    000045
_cdc_notice                               bssBANK0     000060
_cdc_rx_len                               bssBANK0     0000A3
_cdc_trf_state                            bssBANK0     0000A2
_cdc_tx_len                               bssCOMRAM    000046
_configDescriptor1                        smallconst   000813
_controlTransferState                     bssCOMRAM    000050
_control_signal_bitmap                    bssCOMRAM    000044
_device_dsc                               smallconst   0008BE
_dummy_encapsulated_cmd_response          bssBANK0     0000A6
_endpoint_number                          bssCOMRAM    00004E
_ep_data_in                               bssBANK0     000090
_ep_data_out                              bssBANK0     00008C
_estadoActual                             bssBANK0     0000A1
_getsUSBUSART                             text16       0021D0
_inPipes                                  bssBANK0     000082
_initApp                                  text1        0026C8
_initCDC                                  text39       002876
_isr                                      intcode      000008
_line_coding                              bssCOMRAM    000053
_main                                     text0        0025C8
_memcpy                                   text28       002584
_memset                                   text5        002734
_outPipes                                 bssBANK0     00006A
_pBDTEntryEP0OutCurrent                   bssCOMRAM    000041
_pBDTEntryEP0OutNext                      bssCOMRAM    00003F
_pBDTEntryIn                              bssBANK0     000072
_pBDTEntryOut                             bssBANK0     00007A
_pCDCDst                                  bssCOMRAM    000033
_pCDCSrc                                  bssCOMRAM    000036
_pDst                                     bssCOMRAM    00003D
_putUSBUSART                              text13       002814
_sd000                                    smallconst   0008D0
_sd001                                    smallconst   00088A
_sd002                                    smallconst   000856
_shortPacketStatus                        bssCOMRAM    000051
_tickCounter                              bssCOMRAM    000039
_tickRead                                 text11       0028AC
_timeout                                  bssBANK0     000098
_tinicio                                  bssBANK0     00009A
_tloop                                    bssBANK0     000096
_uartConfig                               text2        0028C2
_uartReadByte                             text10       002894
_uartWriteByte                            text9        0028D6
btemp                                     temp         00005C
displayWrite@F3387                        smallconst   000801
end_of_initialization                     cinit        002806
getsUSBUSART@buffer                       cstackBANK0  0000C0
getsUSBUSART@len                          cstackBANK0  0000C2
i2USBDeviceInit@i                         cstackCOMRAM 000009
i2USBTransferOnePacket@data               cstackCOMRAM 000002
i2USBTransferOnePacket@dir                cstackCOMRAM 000001
i2USBTransferOnePacket@ep                 cstackCOMRAM 000009
i2USBTransferOnePacket@handle             cstackCOMRAM 00000A
i2USBTransferOnePacket@len                cstackCOMRAM 000004
i2_USBDeviceInit                          text22       001262
i2_USBTransferOnePacket                   text42       001924
i2_memset                                 text34       0027C2
i2memset@c                                cstackCOMRAM 000003
i2memset@n                                cstackCOMRAM 000005
i2memset@p                                cstackCOMRAM 000007
i2memset@p1                               cstackCOMRAM 000001
int$flags                                 temp         00005C
int_func                                  intcode_body 001FDC
intlevel0                                 text         000000
intlevel1                                 text         000000
intlevel2                                 text         000000
intlevel3                                 text         000000
main@tick                                 cstackBANK0  0000CF
main@tinicio                              cstackBANK0  0000D3
main@x                                    cstackBANK0  0000D5
memcpy@d                                  cstackCOMRAM 000007
memcpy@d1                                 cstackCOMRAM 000001
memcpy@n                                  cstackCOMRAM 000005
memcpy@s                                  cstackCOMRAM 000009
memcpy@s1                                 cstackCOMRAM 000003
memcpy@tmp                                cstackCOMRAM 00000B
memset@c                                  cstackBANK0  0000B7
memset@n                                  cstackBANK0  0000B9
memset@p                                  cstackBANK0  0000BB
memset@p1                                 cstackBANK0  0000B5
putUSBUSART@data                          cstackBANK0  0000B5
putUSBUSART@length                        cstackBANK0  0000B7
stackhi                                   (abs)        0003FF
stacklo                                   (abs)        0000D6
start                                     init         00000E
start_initialization                      cinit        0027EE
tickRead@aux                              cstackBANK0  0000B7
uartReadByte@receivedByte                 cstackBANK0  0000B5
uartWriteByte@value                       cstackBANK0  0000B5
wtemp6                                    temp         00005D


FUNCTION INFORMATION:

 *************** function _main *****************
 Defined at:
		line 28 in file "main.c"
 Parameters:    Size  Location     Type
		None
 Auto vars:     Size  Location     Type
  tick            4   26[BANK0 ] unsigned long 
  tinicio         2   30[BANK0 ] unsigned int 
  data            2    0        unsigned char [2]
  tloop           2    0        unsigned int 
  x               1   32[BANK0 ] unsigned char 
  n               1    0        unsigned char 
  byte            1    0        unsigned char 
 Return value:  Size  Location     Type
                  1    wreg      void 
 Registers used:
		wreg, fsr1l, fsr1h, fsr2l, fsr2h, status,2, status,0, prodl, prodh, cstack
 Tracked objects:
		On entry : 
		On exit  : 
		Unchanged: 
 Data sizes:     COMRAM   BANK0   BANK1   BANK2   BANK3   BANK4   BANK5   BANK6   BANK7
      Params:         0       0       0       0       0       0       0       0       0
      Locals:         0       7       0       0       0       0       0       0       0
      Temps:          0       0       0       0       0       0       0       0       0
      Totals:         0       7       0       0       0       0       0       0       0
Total ram usage:        7 bytes
 Hardware stack levels required when called:   14
 This function calls:
		_ActualizarMasterMEF
		_IniciarMasterMEF
		_USBuartConfig
		_initApp
		_tickRead
 This function is called by:
		Startup code after reset
 This function uses a non-reentrant model


 *************** function _initApp *****************
 Defined at:
		line 47 in file "user.c"
 Parameters:    Size  Location     Type
		None
 Auto vars:     Size  Location     Type
		None
 Return value:  Size  Location     Type
                  1    wreg      void 
 Registers used:
		wreg, status,2, cstack
 Tracked objects:
		On entry : 
		On exit  : 
		Unchanged: 
 Data sizes:     COMRAM   BANK0   BANK1   BANK2   BANK3   BANK4   BANK5   BANK6   BANK7
      Params:         0       0       0       0       0       0       0       0       0
      Locals:         0       0       0       0       0       0       0       0       0
      Temps:          0       0       0       0       0       0       0       0       0
      Totals:         0       0       0       0       0       0       0       0       0
Total ram usage:        0 bytes
 Hardware stack levels used:    1
 Hardware stack levels required when called:   11
 This function calls:
		_uartConfig
 This function is called by:
		_main
 This function uses a non-reentrant model


 *************** function _uartConfig *****************
 Defined at:
		line 111 in file "user.c"
 Parameters:    Size  Location     Type
		None
 Auto vars:     Size  Location     Type
		None
 Return value:  Size  Location     Type
                  1    wreg      void 
 Registers used:
		wreg, status,2
 Tracked objects:
		On entry : 
		On exit  : 
		Unchanged: 
 Data sizes:     COMRAM   BANK0   BANK1   BANK2   BANK3   BANK4   BANK5   BANK6   BANK7
      Params:         0       0       0       0       0       0       0       0       0
      Locals:         0       0       0       0       0       0       0       0       0
      Temps:          0       0       0       0       0       0       0       0       0
      Totals:         0       0       0       0       0       0       0       0       0
Total ram usage:        0 bytes
 Hardware stack levels used:    1
 Hardware stack levels required when called:   10
 This function calls:
		Nothing
 This function is called by:
		_initApp
 This function uses a non-reentrant model


 *************** function _USBuartConfig *****************
 Defined at:
		line 13 in file "usb_uart.c"
 Parameters:    Size  Location     Type
		None
 Auto vars:     Size  Location     Type
		None
 Return value:  Size  Location     Type
                  1    wreg      void 
 Registers used:
		wreg, fsr2l, fsr2h, status,2, status,0, prodl, prodh, cstack
 Tracked objects:
		On entry : 
		On exit  : 
		Unchanged: 
 Data sizes:     COMRAM   BANK0   BANK1   BANK2   BANK3   BANK4   BANK5   BANK6   BANK7
      Params:         0       0       0       0       0       0       0       0       0
      Locals:         0       0       0       0       0       0       0       0       0
      Temps:          0       0       0       0       0       0       0       0       0
      Totals:         0       0       0       0       0       0       0       0       0
Total ram usage:        0 bytes
 Hardware stack levels used:    1
 Hardware stack levels required when called:   12
 This function calls:
		_USBDeviceAttach
		_USBDeviceInit
 This function is called by:
		_main
 This function uses a non-reentrant model


 *************** function _USBDeviceInit *****************
 Defined at:
		line 277 in file "usb/src/usb_device.c"
 Parameters:    Size  Location     Type
		None
 Auto vars:     Size  Location     Type
  i               1    8[BANK0 ] unsigned char 
 Return value:  Size  Location     Type
                  1    wreg      void 
 Registers used:
		wreg, fsr2l, fsr2h, status,2, status,0, prodl, prodh, cstack
 Tracked objects:
		On entry : 
		On exit  : 
		Unchanged: 
 Data sizes:     COMRAM   BANK0   BANK1   BANK2   BANK3   BANK4   BANK5   BANK6   BANK7
      Params:         0       0       0       0       0       0       0       0       0
      Locals:         0       1       0       0       0       0       0       0       0
      Temps:          0       0       0       0       0       0       0       0       0
      Totals:         0       1       0       0       0       0       0       0       0
Total ram usage:        1 bytes
 Hardware stack levels used:    1
 Hardware stack levels required when called:   11
 This function calls:
		_memset
 This function is called by:
		_USBuartConfig
 This function uses a non-reentrant model


 *************** function _memset *****************
 Defined at:
		line 8 in file "C:\Program Files\Microchip\xc8\v1.45\sources\common\memset.c"
 Parameters:    Size  Location     Type
  p1              2    0[BANK0 ] PTR void 
		 -> USBAlternateInterface(4), BDT(64), UEP1(1), 
  c               2    2[BANK0 ] int 
  n               2    4[BANK0 ] unsigned int 
 Auto vars:     Size  Location     Type
  p               2    6[BANK0 ] PTR unsigned char 
		 -> USBAlternateInterface(4), BDT(64), UEP1(1), 
 Return value:  Size  Location     Type
                  2    0[BANK0 ] PTR void 
 Registers used:
		wreg, fsr2l, fsr2h, status,2, status,0
 Tracked objects:
		On entry : 
		On exit  : 
		Unchanged: 
 Data sizes:     COMRAM   BANK0   BANK1   BANK2   BANK3   BANK4   BANK5   BANK6   BANK7
      Params:         0       6       0       0       0       0       0       0       0
      Locals:         0       2       0       0       0       0       0       0       0
      Temps:          0       0       0       0       0       0       0       0       0
      Totals:         0       8       0       0       0       0       0       0       0
Total ram usage:        8 bytes
 Hardware stack levels used:    1
 Hardware stack levels required when called:   10
 This function calls:
		Nothing
 This function is called by:
		_USBDeviceInit
 This function uses a non-reentrant model


 *************** function _USBDeviceAttach *****************
 Defined at:
		line 1352 in file "usb/src/usb_device.c"
 Parameters:    Size  Location     Type
		None
 Auto vars:     Size  Location     Type
		None
 Return value:  Size  Location     Type
                  1    wreg      void 
 Registers used:
		wreg, status,2
 Tracked objects:
		On entry : 
		On exit  : 
		Unchanged: 
 Data sizes:     COMRAM   BANK0   BANK1   BANK2   BANK3   BANK4   BANK5   BANK6   BANK7
      Params:         0       0       0       0       0       0       0       0       0
      Locals:         0       0       0       0       0       0       0       0       0
      Temps:          0       0       0       0       0       0       0       0       0
      Totals:         0       0       0       0       0       0       0       0       0
Total ram usage:        0 bytes
 Hardware stack levels used:    1
 Hardware stack levels required when called:   10
 This function calls:
		Nothing
 This function is called by:
		_USBuartConfig
 This function uses a non-reentrant model


 *************** function _IniciarMasterMEF *****************
 Defined at:
		line 37 in file "MasterMeF.c"
 Parameters:    Size  Location     Type
		None
 Auto vars:     Size  Location     Type
		None
 Return value:  Size  Location     Type
                  1    wreg      void 
 Registers used:
		wreg, status,2, cstack
 Tracked objects:
		On entry : 
		On exit  : 
		Unchanged: 
 Data sizes:     COMRAM   BANK0   BANK1   BANK2   BANK3   BANK4   BANK5   BANK6   BANK7
      Params:         0       0       0       0       0       0       0       0       0
      Locals:         0       0       0       0       0       0       0       0       0
      Temps:          0       0       0       0       0       0       0       0       0
      Totals:         0       0       0       0       0       0       0       0       0
Total ram usage:        0 bytes
 Hardware stack levels used:    1
 Hardware stack levels required when called:   11
 This function calls:
		_tickRead
 This function is called by:
		_main
 This function uses a non-reentrant model


 *************** function _ActualizarMasterMEF *****************
 Defined at:
		line 43 in file "MasterMeF.c"
 Parameters:    Size  Location     Type
		None
 Auto vars:     Size  Location     Type
  pkg             6   20[BANK0 ] struct paquete
 Return value:  Size  Location     Type
                  1    wreg      void 
 Registers used:
		wreg, fsr1l, fsr1h, fsr2l, fsr2h, status,2, status,0, prodl, prodh, cstack
 Tracked objects:
		On entry : 
		On exit  : 
		Unchanged: 
 Data sizes:     COMRAM   BANK0   BANK1   BANK2   BANK3   BANK4   BANK5   BANK6   BANK7
      Params:         0       0       0       0       0       0       0       0       0
      Locals:         0       6       0       0       0       0       0       0       0
      Temps:          0       2       0       0       0       0       0       0       0
      Totals:         0       8       0       0       0       0       0       0       0
Total ram usage:        8 bytes
 Hardware stack levels used:    1
 Hardware stack levels required when called:   13
 This function calls:
		_RxMode
		_TxMode
		_USBuartReadByte
		_USBuartWriteByte
		_tickRead
		_uartReadByte
		_uartWriteByte
 This function is called by:
		_main
 This function uses a non-reentrant model


 *************** function _uartWriteByte *****************
 Defined at:
		line 147 in file "user.c"
 Parameters:    Size  Location     Type
  value           1    wreg     unsigned char 
 Auto vars:     Size  Location     Type
  value           1    0[BANK0 ] unsigned char 
 Return value:  Size  Location     Type
                  1    wreg      void 
 Registers used:
		wreg
 Tracked objects:
		On entry : 
		On exit  : 
		Unchanged: 
 Data sizes:     COMRAM   BANK0   BANK1   BANK2   BANK3   BANK4   BANK5   BANK6   BANK7
      Params:         0       0       0       0       0       0       0       0       0
      Locals:         0       1       0       0       0       0       0       0       0
      Temps:          0       0       0       0       0       0       0       0       0
      Totals:         0       1       0       0       0       0       0       0       0
Total ram usage:        1 bytes
 Hardware stack levels used:    1
 Hardware stack levels required when called:   10
 This function calls:
		Nothing
 This function is called by:
		_ActualizarMasterMEF
 This function uses a non-reentrant model


 *************** function _uartReadByte *****************
 Defined at:
		line 171 in file "user.c"
 Parameters:    Size  Location     Type
  receivedByte    2    0[BANK0 ] PTR unsigned char 
		 -> ActualizarMasterMEF@data(1), ActualizarMasterMEF@aux(1), 
 Auto vars:     Size  Location     Type
		None
 Return value:  Size  Location     Type
		None               void
 Registers used:
		fsr2l, fsr2h, status,0
 Tracked objects:
		On entry : 
		On exit  : 
		Unchanged: 
 Data sizes:     COMRAM   BANK0   BANK1   BANK2   BANK3   BANK4   BANK5   BANK6   BANK7
      Params:         0       2       0       0       0       0       0       0       0
      Locals:         0       0       0       0       0       0       0       0       0
      Temps:          0       0       0       0       0       0       0       0       0
      Totals:         0       2       0       0       0       0       0       0       0
Total ram usage:        2 bytes
 Hardware stack levels used:    1
 Hardware stack levels required when called:   10
 This function calls:
		Nothing
 This function is called by:
		_ActualizarMasterMEF
 This function uses a non-reentrant model


 *************** function _tickRead *****************
 Defined at:
		line 212 in file "user.c"
 Parameters:    Size  Location     Type
		None
 Auto vars:     Size  Location     Type
  aux             2    2[BANK0 ] unsigned int 
 Return value:  Size  Location     Type
                  2    0[BANK0 ] unsigned int 
 Registers used:
		None
 Tracked objects:
		On entry : 
		On exit  : 
		Unchanged: 
 Data sizes:     COMRAM   BANK0   BANK1   BANK2   BANK3   BANK4   BANK5   BANK6   BANK7
      Params:         0       2       0       0       0       0       0       0       0
      Locals:         0       2       0       0       0       0       0       0       0
      Temps:          0       0       0       0       0       0       0       0       0
      Totals:         0       4       0       0       0       0       0       0       0
Total ram usage:        4 bytes
 Hardware stack levels used:    1
 Hardware stack levels required when called:   10
 This function calls:
		Nothing
 This function is called by:
		_main
		_IniciarMasterMEF
		_ActualizarMasterMEF
 This function uses a non-reentrant model


 *************** function _USBuartWriteByte *****************
 Defined at:
		line 18 in file "usb_uart.c"
 Parameters:    Size  Location     Type
  dato            1    wreg     unsigned char 
 Auto vars:     Size  Location     Type
  dato            1   14[BANK0 ] unsigned char 
 Return value:  Size  Location     Type
                  1    wreg      void 
 Registers used:
		wreg, fsr1l, fsr1h, fsr2l, fsr2h, status,2, status,0, prodl, prodh, cstack
 Tracked objects:
		On entry : 
		On exit  : 
		Unchanged: 
 Data sizes:     COMRAM   BANK0   BANK1   BANK2   BANK3   BANK4   BANK5   BANK6   BANK7
      Params:         0       0       0       0       0       0       0       0       0
      Locals:         0       1       0       0       0       0       0       0       0
      Temps:          0       1       0       0       0       0       0       0       0
      Totals:         0       2       0       0       0       0       0       0       0
Total ram usage:        2 bytes
 Hardware stack levels used:    1
 Hardware stack levels required when called:   12
 This function calls:
		_CDCTxService
		_putUSBUSART
 This function is called by:
		_ActualizarMasterMEF
 This function uses a non-reentrant model


 *************** function _putUSBUSART *****************
 Defined at:
		line 560 in file "usb/src/usb_device_cdc.c"
 Parameters:    Size  Location     Type
  data            2    0[BANK0 ] PTR unsigned char 
		 -> USBuartWriteByte@dato(1), 
  length          1    2[BANK0 ] unsigned char 
 Auto vars:     Size  Location     Type
		None
 Return value:  Size  Location     Type
                  1    wreg      void 
 Registers used:
		wreg, status,2, status,0
 Tracked objects:
		On entry : 
		On exit  : 
		Unchanged: 
 Data sizes:     COMRAM   BANK0   BANK1   BANK2   BANK3   BANK4   BANK5   BANK6   BANK7
      Params:         0       3       0       0       0       0       0       0       0
      Locals:         0       0       0       0       0       0       0       0       0
      Temps:          0       0       0       0       0       0       0       0       0
      Totals:         0       3       0       0       0       0       0       0       0
Total ram usage:        3 bytes
 Hardware stack levels used:    1
 Hardware stack levels required when called:   10
 This function calls:
		Nothing
 This function is called by:
		_USBuartWriteByte
 This function uses a non-reentrant model


 *************** function _CDCTxService *****************
 Defined at:
		line 840 in file "usb/src/usb_device_cdc.c"
 Parameters:    Size  Location     Type
		None
 Auto vars:     Size  Location     Type
  byte_to_send    1   12[BANK0 ] unsigned char 
  i               1   11[BANK0 ] unsigned char 
 Return value:  Size  Location     Type
                  1    wreg      void 
 Registers used:
		wreg, fsr1l, fsr1h, fsr2l, fsr2h, status,2, status,0, prodl, prodh, cstack
 Tracked objects:
		On entry : 
		On exit  : 
		Unchanged: 
 Data sizes:     COMRAM   BANK0   BANK1   BANK2   BANK3   BANK4   BANK5   BANK6   BANK7
      Params:         0       0       0       0       0       0       0       0       0
      Locals:         0       2       0       0       0       0       0       0       0
      Temps:          0       0       0       0       0       0       0       0       0
      Totals:         0       2       0       0       0       0       0       0       0
Total ram usage:        2 bytes
 Hardware stack levels used:    1
 Hardware stack levels required when called:   11
 This function calls:
		_USBTransferOnePacket
 This function is called by:
		_USBuartWriteByte
 This function uses a non-reentrant model


 *************** function _USBuartReadByte *****************
 Defined at:
		line 38 in file "usb_uart.c"
 Parameters:    Size  Location     Type
  receivedByte    2   15[BANK0 ] PTR unsigned char 
		 -> ActualizarMasterMEF@datousb(1), 
 Auto vars:     Size  Location     Type
  numBytesRead    1   17[BANK0 ] unsigned char 
 Return value:  Size  Location     Type
		None               void
 Registers used:
		wreg, fsr1l, fsr1h, fsr2l, fsr2h, status,2, status,0, prodl, prodh, cstack
 Tracked objects:
		On entry : 
		On exit  : 
		Unchanged: 
 Data sizes:     COMRAM   BANK0   BANK1   BANK2   BANK3   BANK4   BANK5   BANK6   BANK7
      Params:         0       2       0       0       0       0       0       0       0
      Locals:         0       1       0       0       0       0       0       0       0
      Temps:          0       0       0       0       0       0       0       0       0
      Totals:         0       3       0       0       0       0       0       0       0
Total ram usage:        3 bytes
 Hardware stack levels used:    1
 Hardware stack levels required when called:   12
 This function calls:
		_getsUSBUSART
 This function is called by:
		_ActualizarMasterMEF
 This function uses a non-reentrant model


 *************** function _getsUSBUSART *****************
 Defined at:
		line 489 in file "usb/src/usb_device_cdc.c"
 Parameters:    Size  Location     Type
  buffer          2   11[BANK0 ] PTR unsigned char 
		 -> ActualizarMasterMEF@datousb(1), 
  len             1   13[BANK0 ] unsigned char 
 Auto vars:     Size  Location     Type
		None
 Return value:  Size  Location     Type
                  1    wreg      unsigned char 
 Registers used:
		wreg, fsr1l, fsr1h, fsr2l, fsr2h, status,2, status,0, prodl, prodh, cstack
 Tracked objects:
		On entry : 
		On exit  : 
		Unchanged: 
 Data sizes:     COMRAM   BANK0   BANK1   BANK2   BANK3   BANK4   BANK5   BANK6   BANK7
      Params:         0       3       0       0       0       0       0       0       0
      Locals:         0       0       0       0       0       0       0       0       0
      Temps:          0       1       0       0       0       0       0       0       0
      Totals:         0       4       0       0       0       0       0       0       0
Total ram usage:        4 bytes
 Hardware stack levels used:    1
 Hardware stack levels required when called:   11
 This function calls:
		_USBTransferOnePacket
 This function is called by:
		_USBuartReadByte
 This function uses a non-reentrant model


 *************** function _USBTransferOnePacket *****************
 Defined at:
		line 995 in file "usb/src/usb_device.c"
 Parameters:    Size  Location     Type
  ep              1    wreg     unsigned char 
  dir             1    0[BANK0 ] unsigned char 
  data            2    1[BANK0 ] PTR unsigned char 
		 -> cdc_data_tx(64), cdc_data_rx(64), NULL(0), 
  len             1    3[BANK0 ] unsigned char 
 Auto vars:     Size  Location     Type
  ep              1    8[BANK0 ] unsigned char 
  handle          2    9[BANK0 ] PTR volatile struct __BD
		 -> RAM(2047), NULL(0), BDT(64), 
 Return value:  Size  Location     Type
                  2    0[BANK0 ] PTR void 
 Registers used:
		wreg, fsr2l, fsr2h, status,2, status,0, prodl, prodh
 Tracked objects:
		On entry : 
		On exit  : 
		Unchanged: 
 Data sizes:     COMRAM   BANK0   BANK1   BANK2   BANK3   BANK4   BANK5   BANK6   BANK7
      Params:         0       4       0       0       0       0       0       0       0
      Locals:         0       3       0       0       0       0       0       0       0
      Temps:          0       4       0       0       0       0       0       0       0
      Totals:         0      11       0       0       0       0       0       0       0
Total ram usage:       11 bytes
 Hardware stack levels used:    1
 Hardware stack levels required when called:   10
 This function calls:
		Nothing
 This function is called by:
		_getsUSBUSART
		_CDCTxService
		_USBCDCEventHandler
 This function uses a non-reentrant model


 *************** function _TxMode *****************
 Defined at:
		line 226 in file "user.c"
 Parameters:    Size  Location     Type
		None
 Auto vars:     Size  Location     Type
		None
 Return value:  Size  Location     Type
                  1    wreg      void 
 Registers used:
		None
 Tracked objects:
		On entry : 
		On exit  : 
		Unchanged: 
 Data sizes:     COMRAM   BANK0   BANK1   BANK2   BANK3   BANK4   BANK5   BANK6   BANK7
[...]
      Totals:         2       0       0       0       0       0       0       0       0
Total ram usage:        2 bytes
 Hardware stack levels used:    1
 This function calls:
		Nothing
 This function is called by:
		_USBCheckStdRequest
 This function uses a non-reentrant model


 *************** function _USBStdFeatureReqHandler *****************
 Defined at:
		line 2754 in file "usb/src/usb_device.c"
 Parameters:    Size  Location     Type
		None
 Auto vars:     Size  Location     Type
  p               2   24[COMRAM] PTR struct __BDT
		 -> RAM(2047), NULL(0), BDT(64), 
  pUEP            2   21[COMRAM] PTR unsigned char 
		 -> UEP0(1), 
  current_ep_d    1   23[COMRAM] struct .
 Return value:  Size  Location     Type
                  1    wreg      void 
 Registers used:
		wreg, fsr2l, fsr2h, status,2, status,0, prodl, prodh, cstack
 Tracked objects:
		On entry : 
		On exit  : 
		Unchanged: 
 Data sizes:     COMRAM   BANK0   BANK1   BANK2   BANK3   BANK4   BANK5   BANK6   BANK7
      Params:         0       0       0       0       0       0       0       0       0
      Locals:         5       0       0       0       0       0       0       0       0
      Temps:          1       0       0       0       0       0       0       0       0
      Totals:         6       0       0       0       0       0       0       0       0
Total ram usage:        6 bytes
 Hardware stack levels used:    1
 Hardware stack levels required when called:    4
 This function calls:
		_USER_USB_CALLBACK_EVENT_HANDLER
 This function is called by:
		_USBCheckStdRequest
 This function uses a non-reentrant model


 *************** function _USER_USB_CALLBACK_EVENT_HANDLER *****************
 Defined at:
		line 26 in file "usb/usb_events.c"
 Parameters:    Size  Location     Type
  event           2   12[COMRAM] enum E40
  pdata           2   14[COMRAM] PTR void 
		 -> RAM(2047), USTATcopy(1), USBActiveConfiguration(1), NULL(0), 
		 -> BDT(64), 
  size            2   16[COMRAM] unsigned int 
 Auto vars:     Size  Location     Type
		None
 Return value:  Size  Location     Type
                  1    wreg      unsigned char 
 Registers used:
		wreg, fsr2l, fsr2h, status,2, status,0, prodl, prodh, cstack
 Tracked objects:
		On entry : 
		On exit  : 
		Unchanged: 
 Data sizes:     COMRAM   BANK0   BANK1   BANK2   BANK3   BANK4   BANK5   BANK6   BANK7
      Params:         6       0       0       0       0       0       0       0       0
      Locals:         0       0       0       0       0       0       0       0       0
      Temps:          2       0       0       0       0       0       0       0       0
      Totals:         8       0       0       0       0       0       0       0       0
Total ram usage:        8 bytes
 Hardware stack levels used:    1
 Hardware stack levels required when called:    3
 This function calls:
		_CDCInitEP
		_USBCheckCDCRequest
		_initCDC
 This function is called by:
		_USBDeviceTasks
		_USBStdSetCfgHandler
		_USBSuspend
		_USBWakeFromSuspend
		_USBCtrlTrfSetupHandler
		_USBCheckStdRequest
		_USBStdFeatureReqHandler
 This function uses a non-reentrant model


 *************** function _initCDC *****************
 Defined at:
		line 76 in file "main.c"
 Parameters:    Size  Location     Type
		None
 Auto vars:     Size  Location     Type
		None
 Return value:  Size  Location     Type
                  1    wreg      void 
 Registers used:
		wreg, status,2
 Tracked objects:
		On entry : 
		On exit  : 
		Unchanged: 
 Data sizes:     COMRAM   BANK0   BANK1   BANK2   BANK3   BANK4   BANK5   BANK6   BANK7
      Params:         0       0       0       0       0       0       0       0       0
      Locals:         0       0       0       0       0       0       0       0       0
      Temps:          0       0       0       0       0       0       0       0       0
      Totals:         0       0       0       0       0       0       0       0       0
Total ram usage:        0 bytes
 Hardware stack levels used:    1
 This function calls:
		Nothing
 This function is called by:
		_USER_USB_CALLBACK_EVENT_HANDLER
 This function uses a non-reentrant model


 *************** function _USBCheckCDCRequest *****************
 Defined at:
		line 151 in file "usb/src/usb_device_cdc.c"
 Parameters:    Size  Location     Type
		None
 Auto vars:     Size  Location     Type
		None
 Return value:  Size  Location     Type
                  1    wreg      void 
 Registers used:
		wreg, status,2, status,0
 Tracked objects:
		On entry : 
		On exit  : 
		Unchanged: 
 Data sizes:     COMRAM   BANK0   BANK1   BANK2   BANK3   BANK4   BANK5   BANK6   BANK7
      Params:         0       0       0       0       0       0       0       0       0
      Locals:         0       0       0       0       0       0       0       0       0
      Temps:          0       0       0       0       0       0       0       0       0
      Totals:         0       0       0       0       0       0       0       0       0
Total ram usage:        0 bytes
 Hardware stack levels used:    1
 This function calls:
		Nothing
 This function is called by:
		_USER_USB_CALLBACK_EVENT_HANDLER
 This function uses a non-reentrant model


 *************** function _CDCInitEP *****************
 Defined at:
		line 298 in file "usb/src/usb_device_cdc.c"
 Parameters:    Size  Location     Type
		None
 Auto vars:     Size  Location     Type
		None
 Return value:  Size  Location     Type
                  1    wreg      void 
 Registers used:
		wreg, fsr2l, fsr2h, status,2, status,0, prodl, prodh, cstack
 Tracked objects:
		On entry : 
		On exit  : 
		Unchanged: 
 Data sizes:     COMRAM   BANK0   BANK1   BANK2   BANK3   BANK4   BANK5   BANK6   BANK7
      Params:         0       0       0       0       0       0       0       0       0
      Locals:         0       0       0       0       0       0       0       0       0
      Temps:          0       0       0       0       0       0       0       0       0
      Totals:         0       0       0       0       0       0       0       0       0
Total ram usage:        0 bytes
 Hardware stack levels used:    1
 Hardware stack levels required when called:    2
 This function calls:
		_USBEnableEndpoint
		i2_USBTransferOnePacket
 This function is called by:
		_USER_USB_CALLBACK_EVENT_HANDLER
 This function uses a non-reentrant model


 *************** function i2_USBTransferOnePacket *****************
 Defined at:
		line 995 in file "usb/src/usb_device.c"
 Parameters:    Size  Location     Type
  ep              1    wreg     unsigned char 
  dir             1    0[COMRAM] unsigned char 
  data            2    1[COMRAM] PTR unsigned char 
		 -> cdc_data_tx(64), cdc_data_rx(64), NULL(0), 
  len             1    3[COMRAM] unsigned char 
 Auto vars:     Size  Location     Type
  ep              1    8[COMRAM] unsigned char 
  USBTransferO    2    9[COMRAM] PTR volatile struct __BD
		 -> RAM(2047), NULL(0), BDT(64), 
 Return value:  Size  Location     Type
                  2    0[COMRAM] PTR void 
 Registers used:
		wreg, fsr2l, fsr2h, status,2, status,0, prodl, prodh
 Tracked objects:
		On entry : 
		On exit  : 
		Unchanged: 
 Data sizes:     COMRAM   BANK0   BANK1   BANK2   BANK3   BANK4   BANK5   BANK6   BANK7
      Params:         4       0       0       0       0       0       0       0       0
      Locals:         3       0       0       0       0       0       0       0       0
      Temps:          4       0       0       0       0       0       0       0       0
      Totals:        11       0       0       0       0       0       0       0       0
Total ram usage:       11 bytes
 Hardware stack levels used:    1
 This function calls:
		Nothing
 This function is called by:
		_CDCInitEP
 This function uses a non-reentrant model


 *************** function _USBEnableEndpoint *****************
 Defined at:
		line 878 in file "usb/src/usb_device.c"
 Parameters:    Size  Location     Type
  ep              1    wreg     unsigned char 
  options         1    8[COMRAM] unsigned char 
 Auto vars:     Size  Location     Type
  ep              1   11[COMRAM] unsigned char 
  p               2    9[COMRAM] PTR unsigned char 
		 -> UEP0(1), 
 Return value:  Size  Location     Type
                  1    wreg      void 
 Registers used:
		wreg, fsr2l, fsr2h, status,2, status,0, prodl, prodh, cstack
 Tracked objects:
		On entry : 
		On exit  : 
		Unchanged: 
 Data sizes:     COMRAM   BANK0   BANK1   BANK2   BANK3   BANK4   BANK5   BANK6   BANK7
      Params:         1       0       0       0       0       0       0       0       0
      Locals:         3       0       0       0       0       0       0       0       0
      Temps:          0       0       0       0       0       0       0       0       0
      Totals:         4       0       0       0       0       0       0       0       0
Total ram usage:        4 bytes
 Hardware stack levels used:    1
 Hardware stack levels required when called:    1
 This function calls:
		_USBConfigureEndpoint
 This function is called by:
		_CDCInitEP
 This function uses a non-reentrant model


 *************** function _USBConfigureEndpoint *****************
 Defined at:
		line 1543 in file "usb/src/usb_device.c"
 Parameters:    Size  Location     Type
  EPNum           1    wreg     unsigned char 
  direction       1    0[COMRAM] unsigned char 
 Auto vars:     Size  Location     Type
  EPNum           1    5[COMRAM] unsigned char 
  handle          2    6[COMRAM] PTR volatile struct __BD
		 -> BDT(64), 
 Return value:  Size  Location     Type
                  1    wreg      void 
 Registers used:
		wreg, fsr2l, fsr2h, status,2, status,0, prodl, prodh
 Tracked objects:
		On entry : 
		On exit  : 
		Unchanged: 
 Data sizes:     COMRAM   BANK0   BANK1   BANK2   BANK3   BANK4   BANK5   BANK6   BANK7
      Params:         1       0       0       0       0       0       0       0       0
      Locals:         3       0       0       0       0       0       0       0       0
      Temps:          4       0       0       0       0       0       0       0       0
      Totals:         8       0       0       0       0       0       0       0       0
Total ram usage:        8 bytes
 Hardware stack levels used:    1
 This function calls:
		Nothing
 This function is called by:
		_USBEnableEndpoint
 This function uses a non-reentrant model


 *************** function _USBCtrlTrfOutHandler *****************
 Defined at:
		line 2538 in file "usb/src/usb_device.c"
 Parameters:    Size  Location     Type
		None
 Auto vars:     Size  Location     Type
		None
 Return value:  Size  Location     Type
                  1    wreg      void 
 Registers used:
		wreg, fsr1l, fsr1h, fsr2l, fsr2h, status,2, status,0, prodl, prodh, cstack
 Tracked objects:
		On entry : 
		On exit  : 
		Unchanged: 
 Data sizes:     COMRAM   BANK0   BANK1   BANK2   BANK3   BANK4   BANK5   BANK6   BANK7
      Params:         0       0       0       0       0       0       0       0       0
      Locals:         0       0       0       0       0       0       0       0       0
      Temps:          0       0       0       0       0       0       0       0       0
      Totals:         0       0       0       0       0       0       0       0       0
Total ram usage:        0 bytes
 Hardware stack levels used:    1
 Hardware stack levels required when called:    2
 This function calls:
		_USBCtrlTrfRxService
 This function is called by:
		_USBCtrlEPService
 This function uses a non-reentrant model


 *************** function _USBCtrlTrfRxService *****************
 Defined at:
		line 1852 in file "usb/src/usb_device.c"
 Parameters:    Size  Location     Type
		None
 Auto vars:     Size  Location     Type
  byteToRead      1    1[COMRAM] unsigned char 
  i               1    0[COMRAM] unsigned char 
 Return value:  Size  Location     Type
                  1    wreg      void 
 Registers used:
		wreg, fsr1l, fsr1h, fsr2l, fsr2h, status,2, status,0, prodl, prodh, cstack
 Tracked objects:
		On entry : 
		On exit  : 
		Unchanged: 
 Data sizes:     COMRAM   BANK0   BANK1   BANK2   BANK3   BANK4   BANK5   BANK6   BANK7
      Params:         0       0       0       0       0       0       0       0       0
      Locals:         2       0       0       0       0       0       0       0       0
      Temps:          0       0       0       0       0       0       0       0       0
      Totals:         2       0       0       0       0       0       0       0       0
Total ram usage:        2 bytes
 Hardware stack levels used:    1
 Hardware stack levels required when called:    1
 This function calls:
		_USBCtrlEPAllowStatusStage
 This function is called by:
		_USBCtrlTrfOutHandler
 This function uses a non-reentrant model


 *************** function _USBCtrlEPAllowStatusStage *****************
 Defined at:
		line 1416 in file "usb/src/usb_device.c"
 Parameters:    Size  Location     Type
		None
 Auto vars:     Size  Location     Type
		None
 Return value:  Size  Location     Type
                  1    wreg      void 
 Registers used:
		wreg, fsr2l, fsr2h, status,2, status,0
 Tracked objects:
		On entry : 
		On exit  : 
		Unchanged: 
 Data sizes:     COMRAM   BANK0   BANK1   BANK2   BANK3   BANK4   BANK5   BANK6   BANK7
      Params:         0       0       0       0       0       0       0       0       0
      Locals:         0       0       0       0       0       0       0       0       0
      Temps:          0       0       0       0       0       0       0       0       0
      Totals:         0       0       0       0       0       0       0       0       0
Total ram usage:        0 bytes
 Hardware stack levels used:    1
 This function calls:
		Nothing
 This function is called by:
		_USBDeviceTasks
		_USBCtrlEPServiceComplete
		_USBCtrlTrfRxService
 This function uses a non-reentrant model


 *************** function _USBCtrlTrfInHandler *****************
 Defined at:
		line 2592 in file "usb/src/usb_device.c"
 Parameters:    Size  Location     Type
		None
 Auto vars:     Size  Location     Type
  lastDTS         1    1[COMRAM] unsigned char 
 Return value:  Size  Location     Type
                  1    wreg      void 
 Registers used:
		wreg, fsr1l, fsr1h, fsr2l, fsr2h, status,2, status,0, tblptrl, tblptrh, tblptru, cstack
 Tracked objects:
		On entry : 
		On exit  : 
		Unchanged: 
 Data sizes:     COMRAM   BANK0   BANK1   BANK2   BANK3   BANK4   BANK5   BANK6   BANK7
      Params:         0       0       0       0       0       0       0       0       0
      Locals:         1       0       0       0       0       0       0       0       0
      Temps:          0       0       0       0       0       0       0       0       0
      Totals:         1       0       0       0       0       0       0       0       0
Total ram usage:        1 bytes
 Hardware stack levels used:    1
 Hardware stack levels required when called:    1
 This function calls:
		_USBCtrlTrfTxService
 This function is called by:
		_USBCtrlEPService
 This function uses a non-reentrant model


 *************** function _USBCtrlTrfTxService *****************
 Defined at:
		line 1771 in file "usb/src/usb_device.c"
 Parameters:    Size  Location     Type
		None
 Auto vars:     Size  Location     Type
  byteToSend      1    0[COMRAM] unsigned char 
 Return value:  Size  Location     Type
                  1    wreg      void 
 Registers used:
		wreg, fsr1l, fsr1h, fsr2l, fsr2h, status,2, status,0, tblptrl, tblptrh, tblptru
 Tracked objects:
		On entry : 
		On exit  : 
		Unchanged: 
 Data sizes:     COMRAM   BANK0   BANK1   BANK2   BANK3   BANK4   BANK5   BANK6   BANK7
      Params:         0       0       0       0       0       0       0       0       0
      Locals:         1       0       0       0       0       0       0       0       0
      Temps:          0       0       0       0       0       0       0       0       0
      Totals:         1       0       0       0       0       0       0       0       0
Total ram usage:        1 bytes
 Hardware stack levels used:    1
 This function calls:
		Nothing
 This function is called by:
		_USBCtrlEPAllowDataStage
		_USBCtrlTrfInHandler
 This function uses a non-reentrant model



MODULE INFORMATION

Module		Function		Class		Link	Load	Size
interrupts.c
		_isr           		CODE           	0008	0000	181

interrupts.c estimated size: 181

usb/src/usb_device.c
		_USBCtrlTrfInHandler		CODE           	1E6A	0000	195
		_USBTransferOnePacket		CODE           	181E	0000	263
		_USBDeviceAttach		CODE           	2764	0000	49
		_USBStdGetDscHandler		CODE           	14CE	0000	303
		_USBCtrlEPAllowDataStage		CODE           	2132	0000	159
		_USBStdFeatureReqHandler		CODE           	0EA4	0000	641
		_USBCtrlEPAllowStatusStage		CODE           	1DA6	0000	197
		_USBCtrlTrfSetupHandler		CODE           	2390	0000	145
		_USBCtrlTrfOutHandler		CODE           	24E4	0000	93
		_USBCtrlEPServiceComplete		CODE           	1A26	0000	243
		_USBSuspend    		CODE           	2794	0000	47
		_USBStdSetCfgHandler		CODE           	1BFA	0000	225
		_USBStdGetStatusHandler		CODE           	208A	0000	169
		_USBWakeFromSuspend		CODE           	26FE	0000	55
		_USBCtrlTrfRxService		CODE           	1710	0000	271
		_USBCtrlTrfTxService		CODE           	1CDA	0000	205
		_USBEnableEndpoint		CODE           	268C	0000	61
		_USBConfigureEndpoint		CODE           	22FC	0000	149
		_USBDeviceInit 		CODE           	1124	0000	319
		_USBIncrement1msInternalTimers		CODE           	2856	0000	33
		_USBCtrlEPService		CODE           	2266	0000	151
		_USBStallHandler		CODE           	260A	0000	67
		_USBDeviceTasks		CODE           	13A0	0000	303
		_USBCheckStdRequest		CODE           	1B18	0000	227

usb/src/usb_device.c estimated size: 4570

MasterMeF.c
		_ActualizarMasterMEF		CODE           	08D6	0000	1487
		_IniciarMasterMEF		CODE           	2836	0000	33

MasterMeF.c estimated size: 1520

usb/src/usb_device_cdc.c
		_CDCTxService  		CODE           	15FC	0000	277
		_CDCInitEP     		CODE           	2420	0000	101
		_putUSBUSART   		CODE           	2814	0000	35
		_getsUSBUSART  		CODE           	21D0	0000	151
		_USBCheckCDCRequest		CODE           	1F2C	0000	177

usb/src/usb_device_cdc.c estimated size: 741

C:\Program Files\Microchip\xc8\v1.45\sources\common\memset.c
		_memset        		CODE           	2734	0000	49

C:\Program Files\Microchip\xc8\v1.45\sources\common\memset.c estimated size: 49

shared
		_configDescriptor1		SMALLCONST     	0813	0000	68
		_USB_CD_Ptr    		SMALLCONST     	0811	0000	3
		_sd001         		SMALLCONST     	088A	0000	53
		displayWrite@F3387		SMALLCONST     	0801	0000	11
		_sd002         		SMALLCONST     	0856	0000	53
		i2_USBDeviceInit		CODE           	1262	0000	319
		__initialization		CODE           	27EE	0000	25
		_device_dsc    		SMALLCONST     	08BE	0000	19
		_USB_SD_Ptr    		SMALLCONST     	080B	0000	7
		i2_memset      		CODE           	27C2	0000	45
		_sd000         		SMALLCONST     	08D0	0000	5
		i2_USBTransferOnePacket		CODE           	1924	0000	259

shared estimated size: 867

usb/usb_events.c
		_USER_USB_CALLBACK_EVENT_HANDLER		CODE           	2484	0000	97

usb/usb_events.c estimated size: 97

user.c
		_RxMode        		CODE           	28F4	0000	7
		_TxMode        		CODE           	28EE	0000	7
		_tickRead      		CODE           	28AC	0000	23
		_uartConfig    		CODE           	28C2	0000	21
		_initApp       		CODE           	26C8	0000	55
		_uartWriteByte 		CODE           	28D6	0000	15
		_uartReadByte  		CODE           	2894	0000	25

user.c estimated size: 153

main.c
		_initCDC       		CODE           	2876	0000	31
		_main          		CODE           	25C8	0000	67

main.c estimated size: 98

usb_uart.c
		_USBuartWriteByte		CODE           	2540	0000	69
		_USBuartConfig 		CODE           	28E4	0000	11
		_USBuartReadByte		CODE           	264C	0000	65

usb_uart.c estimated size: 145

C:\Program Files\Microchip\xc8\v1.45\sources\common\memcpy.c
		_memcpy        		CODE           	2584	0000	69

C:\Program Files\Microchip\xc8\v1.45\sources\common\memcpy.c estimated size: 69

