Microchip MPLAB XC8 Compiler V1.45 ()

Linker command line:

-W-3 --edf=C:\Program Files (x86)\Microchip\xc8\v1.45\dat\en_msgs.txt -cs \
  -h+dist/simulador/debug\FAmeli_Sensor_tempv2.X.debug.sym \
  --cmf=dist/simulador/debug\FAmeli_Sensor_tempv2.X.debug.cmf -z -Q16F628A \
  -oC:\Users\g_fer\AppData\Local\Temp\sbds.2 \
  -Mdist/simulador/debug/FAmeli_Sensor_tempv2.X.debug.map -E1 -ver=XC8 \
  -ASTACK=0A0h-0efh -pstack=STACK -ACODE=00h-07FFh -ASTRCODE=00h-07FFh \
  -ASTRING=00h-0FFhx8 -ACONST=00h-0FFhx8 -AENTRY=00h-0FFhx8 \
  -ACOMMON=070h-07Fh -ABANK0=020h-06Fh -ABANK1=0A0h-0EFh \
  -ABANK2=0120h-014Fh -ARAM=020h-06Fh,0A0h-0EFh,0120h-014Fh \
  -AABS1=020h-07Fh,0A0h-0EFh,0120h-014Fh -ASFR0=00h-01Fh -ASFR1=080h-09Fh \
  -ASFR2=0100h-011Fh -ASFR3=0180h-01EFh \
  -preset_vec=00h,intentry=04h,init,end_init -ppowerup=CODE -pcinit=CODE \
  -pfunctab=ENTRY -ACONFIG=02007h-02007h -pconfig=CONFIG -DCONFIG=2 \
  -AIDLOC=02000h-02003h -pidloc=IDLOC -DIDLOC=2 -AEEDATA=00h-07Fh/02100h \
  -peeprom_data=EEDATA -DEEDATA=2 -DCODE=2 -DSTRCODE=2 -DSTRING=2 -DCONST=2 \
  -DENTRY=2 -k C:\Users\g_fer\AppData\Local\Temp\sbds.obj \
  dist/simulador/debug\FAmeli_Sensor_tempv2.X.debug.obj 

Object code version is 3.11

Machine type is 16F628A



                Name                               Link     Load   Length Selector   Space Scale
C:\Users\g_fer\AppData\Local\Temp\sbds.obj
                end_init                             10       10        1        8       0
                reset_vec                             0        0        1        0       0
                config                             2007     2007        1     400E       0
dist/simulador/debug\FAmeli_Sensor_tempv2.X.debug.obj
                cinit                                11       11        E        8       0
                intentry                              4        4        C        8       0
                text10                              111      111       18        8       0
                text9                                F9       F9       18        8       0
                text8                                A6       A6       2F        8       0
                text7                               13D      13D        D        8       0
                text6                                6E       6E       38        8       0
                swtext1                               1        1        3        2       0
                text5                                1F       1F       4F        8       0
                text4                               156      156        4        8       0
                text3                               151      151        5        8       0
                text2                               129      129       14        8       0
                text1                                D5       D5       24        8       0
                maintext                            14A      14A        7        8       0
                cstackBANK0                          20       20        A       20       1
                cstackCOMMON                         70       70        6       70       1
                bssBANK0                             2A       2A        7       20       1
                bssCOMMON                            76       76        3       70       1

TOTAL           Name                               Link     Load   Length     Space
        CLASS   STACK          

        CLASS   CODE           
                end_init                             10       10        1         0
                cinit                                11       11        E         0
                intentry                              4        4        C         0
                reset_vec                             0        0        1         0
                text10                              111      111       18         0
                text9                                F9       F9       18         0
                text8                                A6       A6       2F         0
                text7                               13D      13D        D         0
                text6                                6E       6E       38         0
                text5                                1F       1F       4F         0
                text4                               156      156        4         0
                text3                               151      151        5         0
                text2                               129      129       14         0
                text1                                D5       D5       24         0
                maintext                            14A      14A        7         0

        CLASS   STRCODE        

        CLASS   STRING         

        CLASS   CONST          
                swtext1                               1        1        3         0

        CLASS   ENTRY          

        CLASS   COMMON         
                cstackCOMMON                         70       70        6         1
                bssCOMMON                            76       76        3         1

        CLASS   BANK0          
                cstackBANK0                          20       20        A         1
                bssBANK0                             2A       2A        7         1

        CLASS   BANK1          

        CLASS   BANK2          

        CLASS   RAM            

        CLASS   ABS1           
                abs_s1                               7E       7E        2         1

        CLASS   SFR0           

        CLASS   SFR1           

        CLASS   SFR2           

        CLASS   SFR3           

        CLASS   CONFIG         
                config                             2007     2007        1         0

        CLASS   IDLOC          

        CLASS   EEDATA         

        CLASS   BANK3          



SEGMENTS        Name                           Load    Length   Top    Selector   Space  Class     Delta

                reset_vec                      000000  000001  000001         0       0  CODE        2
                swtext1                        000001  000003  000004         2       0  CONST       2
                intentry                       000004  000156  00015A         8       0  CODE        2
                cstackBANK0                    000020  000011  000031        20       1  BANK0       1
                cstackCOMMON                   000070  000009  000079        70       1  COMMON      1
                config                         002007  000001  002008      400E       0  CONFIG      2


UNUSED ADDRESS RANGES

        Name                Unused          Largest block    Delta
        BANK0            0031-006F             3F           1
        BANK1            00A0-00EF             50           1
        BANK2            0120-014F             30           1
        CODE             015A-07FF            6A6           2
        COMMON           0079-007D              5           1
        CONST            015A-07FF            100           2
        EEDATA           2100-217F             80           2
        ENTRY            015A-07FF            100           2
        IDLOC            2000-2003              4           2
        RAM              0031-006F             3F           1
                         00A0-00EF             50
                         0120-014F             30
        SFR0             0000-001F             20           1
        SFR1             0080-009F             20           1
        SFR2             0100-011F             20           1
        SFR3             0180-01EF             70           1
        STACK            00A0-00EF             50           1
        STRCODE          015A-07FF            6A6           2
        STRING           015A-07FF            100           2

                                  Symbol Table

?_tickRead                   cstackBANK0  0020
ActualizarMEFtemp@i          bssBANK0     002A
DHT11ReadByte@data           cstackBANK0  0022
DHT11ReadByte@i              cstackBANK0  0023
DHT11StartSignal@tinicio     cstackBANK0  0028
_ActualizarMEFtemp           text5        001F
_BRGH                        (abs)        04C2
_CM0                         (abs)        00F8
_CM1                         (abs)        00F9
_CM2                         (abs)        00FA
_CREN                        (abs)        00C4
_DHT11CheckResponse          text9        00F9
_DHT11ReadByte               text8        00A6
_DHT11StartSignal            text6        006E
_GIE                         (abs)        005F
_IniciarMEFtemp              text4        0156
_PORTAbits                   (abs)        0005
_PORTBbits                   (abs)        0006
_PS0                         (abs)        0408
_PS1                         (abs)        0409
_PS2                         (abs)        040A
_PSA                         (abs)        040B
_RCIF                        (abs)        0065
_RCREG                       (abs)        001A
_RxMode                      text3        0151
_SPBRG                       (abs)        0099
_SPEN                        (abs)        00C7
_SYNC                        (abs)        04C4
_T0CS                        (abs)        040D
_T2CON                       (abs)        0012
_TMR0                        (abs)        0001
_TMR0IE                      (abs)        005D
_TMR0IF                      (abs)        005A
_TMR2                        (abs)        0011
_TMR2ON                      (abs)        0092
_TRISAbits                   (abs)        0085
_TRISB1                      (abs)        0431
_TRISB2                      (abs)        0432
_TRISBbits                   (abs)        0086
_TXEN                        (abs)        04C5
_TXIF                        (abs)        0064
_TXREG                       (abs)        0019
__CFG_BOREN$OFF              (abs)        0000
__CFG_CP$OFF                 (abs)        0000
__CFG_CPD$OFF                (abs)        0000
__CFG_FOSC$HS                (abs)        0000
__CFG_LVP$OFF                (abs)        0000
__CFG_MCLRE$OFF              (abs)        0000
__CFG_PWRTE$OFF              (abs)        0000
__CFG_WDTE$OFF               (abs)        0000
__Habs1                      abs1         0000
__Hbank0                     bank0        0000
__Hbank1                     bank1        0000
__Hbank2                     bank2        0000
__Hbank3                     bank3        0000
__HbssBANK0                  bssBANK0     0000
__HbssCOMMON                 bssCOMMON    0000
__Hcinit                     cinit        001F
__Hclrtext                   clrtext      0000
__Hcode                      code         0000
__Hcommon                    common       0000
__Hconfig                    config       2008
__HcstackBANK0               cstackBANK0  0000
__HcstackCOMMON              cstackCOMMON 0000
__Heeprom_data               eeprom_data  0000
__Hend_init                  end_init     0011
__Hfunctab                   functab      0000
__Hidloc                     idloc        0000
__Hinit                      init         0010
__Hintentry                  intentry     0010
__Hmaintext                  maintext     0000
__Hpowerup                   powerup      0000
__Hram                       ram          0000
__Hreset_vec                 reset_vec    0001
__Hsfr0                      sfr0         0000
__Hsfr1                      sfr1         0000
__Hsfr2                      sfr2         0000
__Hsfr3                      sfr3         0000
__Hspace_0                   (abs)        2008
__Hspace_1                   (abs)        0079
__Hspace_2                   (abs)        0000
__Hspace_3                   (abs)        0000
__Hstack                     stack        0000
__Hstrings                   strings      0000
__Htext                      text         0000
__Labs1                      abs1         0000
__Lbank0                     bank0        0000
__Lbank1                     bank1        0000
__Lbank2                     bank2        0000
__Lbank3                     bank3        0000
__LbssBANK0                  bssBANK0     0000
__LbssCOMMON                 bssCOMMON    0000
__Lcinit                     cinit        0011
__Lclrtext                   clrtext      0000
__Lcode                      code         0000
__Lcommon                    common       0000
__Lconfig                    config       2007
__LcstackBANK0               cstackBANK0  0000
__LcstackCOMMON              cstackCOMMON 0000
__Leeprom_data               eeprom_data  0000
__Lend_init                  end_init     0010
__Lfunctab                   functab      0000
__Lidloc                     idloc        0000
__Linit                      init         0010
__Lintentry                  intentry     0004
__Lmaintext                  maintext     0000
__Lpowerup                   powerup      0000
__Lram                       ram          0000
__Lreset_vec                 reset_vec    0000
__Lsfr0                      sfr0         0000
__Lsfr1                      sfr1         0000
__Lsfr2                      sfr2         0000
__Lsfr3                      sfr3         0000
__Lspace_0                   (abs)        0000
__Lspace_1                   (abs)        0000
__Lspace_2                   (abs)        0000
__Lspace_3                   (abs)        0000
__Lstack                     stack        0000
__Lstrings                   strings      0000
__Ltext                      text         0000
__S0                         (abs)        2008
__S1                         (abs)        0079
__S2                         (abs)        0000
__S3                         (abs)        0000
___int_sp                    stack        0000
___latbits                   (abs)        0000
___sp                        stack        0000
__end_of_ActualizarMEFtemp   text5        006E
__end_of_DHT11CheckResponse  text9        0111
__end_of_DHT11ReadByte       text8        00D5
__end_of_DHT11StartSignal    text6        00A6
__end_of_IniciarMEFtemp      text4        015A
__end_of_RxMode              text3        0156
__end_of__initialization     cinit        001D
__end_of_initApp             text1        00F9
__end_of_isr                 text10       0129
__end_of_main                maintext     0151
__end_of_tickRead            text7        014A
__end_of_uartConfig          text2        013D
__initialization             cinit        0011
__pbssBANK0                  bssBANK0     002A
__pbssCOMMON                 bssCOMMON    0076
__pcstackBANK0               cstackBANK0  0020
__pcstackCOMMON              cstackCOMMON 0070
__pintentry                  intentry     0004
__pmaintext                  maintext     014A
__pswtext1                   swtext1      0001
__ptext1                     text1        00D5
__ptext10                    text10       0111
__ptext2                     text2        0129
__ptext3                     text3        0151
__ptext4                     text4        0156
__ptext5                     text5        001F
__ptext6                     text6        006E
__ptext7                     text7        013D
__ptext8                     text8        00A6
__ptext9                     text9        00F9
__size_of_ActualizarMEFtemp  (abs)        0000
__size_of_DHT11CheckResponse (abs)        0000
__size_of_DHT11ReadByte      (abs)        0000
__size_of_DHT11StartSignal   (abs)        0000
__size_of_IniciarMEFtemp     (abs)        0000
__size_of_RxMode             (abs)        0000
__size_of_initApp            (abs)        0000
__size_of_isr                (abs)        0000
__size_of_main               (abs)        0000
__size_of_tickRead           (abs)        0000
__size_of_uartConfig         (abs)        0000
_data                        bssBANK0     002C
_estadoActualTemp            bssBANK0     002B
_initApp                     text1        00D5
_intC                        bssCOMMON    0078
_isr                         text10       0111
_main                        maintext     014A
_tickCounter                 bssCOMMON    0076
_tickRead                    text7        013D
_uartConfig                  text2        0129
btemp                        (abs)        007E
end_of_initialization        cinit        001D
interrupt_function           intentry     0004
intlevel0                    functab      0000
intlevel1                    functab      0000
intlevel2                    functab      0000
intlevel3                    functab      0000
intlevel4                    functab      0000
intlevel5                    functab      0000
reset_vec                    reset_vec    0000
saved_w                      (abs)        007E
stackhi                      (abs)        0000
stacklo                      (abs)        0000
start                        init         0010
start_initialization         cinit        0011
tickRead@aux                 cstackBANK0  0022
wtemp0                       (abs)        007E


FUNCTION INFORMATION:

 *************** function _main *****************
 Defined at:
		line 28 in file "main.c"
 Parameters:    Size  Location     Type
		None
 Auto vars:     Size  Location     Type
  data            5    0        unsigned char [5]
  tinicio         2    0        unsigned int 
  aux             1    0        unsigned char 
  request         1    0        unsigned char 
  i               1    0        unsigned char 
 Return value:  Size  Location     Type
                  1    wreg      void 
 Registers used:
		wreg, fsr0l, fsr0h, status,2, status,0, pclath, cstack
 Tracked objects:
		On entry : 
		On exit  : 
		Unchanged: 
 Data sizes:     COMMON   BANK0   BANK1   BANK2
      Params:         0       0       0       0
      Locals:         0       0       0       0
      Temps:          0       0       0       0
      Totals:         0       0       0       0
Total ram usage:        0 bytes
 Hardware stack levels required when called:    4
 This function calls:
		_ActualizarMEFtemp
		_IniciarMEFtemp
		_initApp
 This function is called by:
		Startup code after reset
 This function uses a non-reentrant model


 *************** function _initApp *****************
 Defined at:
		line 44 in file "user.c"
 Parameters:    Size  Location     Type
		None
 Auto vars:     Size  Location     Type
		None
 Return value:  Size  Location     Type
                  1    wreg      void 
 Registers used:
		wreg, status,2, status,0, pclath, cstack
 Tracked objects:
		On entry : 
		On exit  : 
		Unchanged: 
 Data sizes:     COMMON   BANK0   BANK1   BANK2
      Params:         0       0       0       0
      Locals:         0       0       0       0
      Temps:          0       2       0       0
      Totals:         0       2       0       0
Total ram usage:        2 bytes
 Hardware stack levels used:    1
 Hardware stack levels required when called:    2
 This function calls:
		_RxMode
		_uartConfig
 This function is called by:
		_main
 This function uses a non-reentrant model


 *************** function _uartConfig *****************
 Defined at:
		line 168 in file "user.c"
 Parameters:    Size  Location     Type
		None
 Auto vars:     Size  Location     Type
		None
 Return value:  Size  Location     Type
                  1    wreg      void 
 Registers used:
		wreg
 Tracked objects:
		On entry : 
		On exit  : 
		Unchanged: 
 Data sizes:     COMMON   BANK0   BANK1   BANK2
      Params:         0       0       0       0
      Locals:         0       0       0       0
      Temps:          0       0       0       0
      Totals:         0       0       0       0
Total ram usage:        0 bytes
 Hardware stack levels used:    1
 Hardware stack levels required when called:    1
 This function calls:
		Nothing
 This function is called by:
		_initApp
 This function uses a non-reentrant model


 *************** function _RxMode *****************
 Defined at:
		line 192 in file "user.c"
 Parameters:    Size  Location     Type
		None
 Auto vars:     Size  Location     Type
		None
 Return value:  Size  Location     Type
                  1    wreg      void 
 Registers used:
		None
 Tracked objects:
		On entry : 
		On exit  : 
		Unchanged: 
 Data sizes:     COMMON   BANK0   BANK1   BANK2
      Params:         0       0       0       0
      Locals:         0       0       0       0
      Temps:          0       0       0       0
      Totals:         0       0       0       0
Total ram usage:        0 bytes
 Hardware stack levels used:    1
 Hardware stack levels required when called:    1
 This function calls:
		Nothing
 This function is called by:
		_initApp
 This function uses a non-reentrant model


 *************** function _IniciarMEFtemp *****************
 Defined at:
		line 197 in file "user.c"
 Parameters:    Size  Location     Type
		None
 Auto vars:     Size  Location     Type
		None
 Return value:  Size  Location     Type
                  1    wreg      void 
 Registers used:
		status,2
 Tracked objects:
		On entry : 
		On exit  : 
		Unchanged: 
 Data sizes:     COMMON   BANK0   BANK1   BANK2
      Params:         0       0       0       0
      Locals:         0       0       0       0
      Temps:          0       0       0       0
      Totals:         0       0       0       0
Total ram usage:        0 bytes
 Hardware stack levels used:    1
 Hardware stack levels required when called:    1
 This function calls:
		Nothing
 This function is called by:
		_main
 This function uses a non-reentrant model


 *************** function _ActualizarMEFtemp *****************
 Defined at:
		line 200 in file "user.c"
 Parameters:    Size  Location     Type
		None
 Auto vars:     Size  Location     Type
		None
 Return value:  Size  Location     Type
                  1    wreg      void 
 Registers used:
		wreg, fsr0l, fsr0h, status,2, status,0, pclath, cstack
 Tracked objects:
		On entry : 
		On exit  : 
		Unchanged: 
 Data sizes:     COMMON   BANK0   BANK1   BANK2
      Params:         0       0       0       0
      Locals:         0       0       0       0
      Temps:          1       0       0       0
      Totals:         1       0       0       0
Total ram usage:        1 bytes
 Hardware stack levels used:    1
 Hardware stack levels required when called:    3
 This function calls:
		_DHT11CheckResponse
		_DHT11ReadByte
		_DHT11StartSignal
 This function is called by:
		_main
 This function uses a non-reentrant model


 *************** function _DHT11StartSignal *****************
 Defined at:
		line 16 in file "DHT11.c"
 Parameters:    Size  Location     Type
		None
 Auto vars:     Size  Location     Type
  tinicio         2    8[BANK0 ] unsigned int 
 Return value:  Size  Location     Type
		None               void
 Registers used:
		wreg, status,2, status,0, pclath, cstack
 Tracked objects:
		On entry : 
		On exit  : 
		Unchanged: 
 Data sizes:     COMMON   BANK0   BANK1   BANK2
      Params:         0       0       0       0
      Locals:         0       2       0       0
      Temps:          0       4       0       0
      Totals:         0       6       0       0
Total ram usage:        6 bytes
 Hardware stack levels used:    1
 Hardware stack levels required when called:    2
 This function calls:
		_tickRead
 This function is called by:
		_ActualizarMEFtemp
 This function uses a non-reentrant model


 *************** function _tickRead *****************
 Defined at:
		line 153 in file "user.c"
 Parameters:    Size  Location     Type
		None
 Auto vars:     Size  Location     Type
  aux             2    2[BANK0 ] unsigned int 
 Return value:  Size  Location     Type
                  2    0[BANK0 ] unsigned int 
 Registers used:
		wreg
 Tracked objects:
		On entry : 
		On exit  : 
		Unchanged: 
 Data sizes:     COMMON   BANK0   BANK1   BANK2
      Params:         0       2       0       0
      Locals:         0       2       0       0
      Temps:          0       0       0       0
      Totals:         0       4       0       0
Total ram usage:        4 bytes
 Hardware stack levels used:    1
 Hardware stack levels required when called:    1
 This function calls:
		Nothing
 This function is called by:
		_DHT11StartSignal
 This function uses a non-reentrant model


 *************** function _DHT11ReadByte *****************
 Defined at:
		line 49 in file "DHT11.c"
 Parameters:    Size  Location     Type
  data            1    wreg     PTR unsigned char 
		 -> data(5), 
 Auto vars:     Size  Location     Type
  data            1    2[BANK0 ] PTR unsigned char 
		 -> data(5), 
  i               1    3[BANK0 ] unsigned char 
 Return value:  Size  Location     Type
		None               void
 Registers used:
		wreg, fsr0l, fsr0h, status,2, status,0
 Tracked objects:
		On entry : 
		On exit  : 
		Unchanged: 
 Data sizes:     COMMON   BANK0   BANK1   BANK2
      Params:         0       0       0       0
      Locals:         0       2       0       0
      Temps:          0       2       0       0
      Totals:         0       4       0       0
Total ram usage:        4 bytes
 Hardware stack levels used:    1
 Hardware stack levels required when called:    1
 This function calls:
		Nothing
 This function is called by:
		_ActualizarMEFtemp
 This function uses a non-reentrant model


 *************** function _DHT11CheckResponse *****************
 Defined at:
		line 32 in file "DHT11.c"
 Parameters:    Size  Location     Type
		None
 Auto vars:     Size  Location     Type
		None
 Return value:  Size  Location     Type
		None               void
 Registers used:
		wreg, status,2, status,0
 Tracked objects:
		On entry : 
		On exit  : 
		Unchanged: 
 Data sizes:     COMMON   BANK0   BANK1   BANK2
      Params:         0       0       0       0
      Locals:         0       0       0       0
      Temps:          0       0       0       0
      Totals:         0       0       0       0
Total ram usage:        0 bytes
 Hardware stack levels used:    1
 Hardware stack levels required when called:    1
 This function calls:
		Nothing
 This function is called by:
		_ActualizarMEFtemp
 This function uses a non-reentrant model


 *************** function _isr *****************
 Defined at:
		line 30 in file "interrupts.c"
 Parameters:    Size  Location     Type
		None
 Auto vars:     Size  Location     Type
		None
 Return value:  Size  Location     Type
                  1    wreg      void 
 Registers used:
		wreg, status,2, status,0
 Tracked objects:
		On entry : 
		On exit  : 
		Unchanged: 
 Data sizes:     COMMON   BANK0   BANK1   BANK2
      Params:         0       0       0       0
      Locals:         0       0       0       0
      Temps:          5       0       0       0
      Totals:         5       0       0       0
Total ram usage:        5 bytes
 Hardware stack levels used:    1
 This function calls:
		Nothing
 This function is called by:
		Interrupt level 1
 This function uses a non-reentrant model



MODULE INFORMATION

Module		Function		Class		Link	Load	Size
interrupts.c
		_isr           		CODE           	0111	0000	25

interrupts.c estimated size: 25

DHT11.c
		_DHT11StartSignal		CODE           	006E	0000	57
		_DHT11ReadByte 		CODE           	00A6	0000	48
		_DHT11CheckResponse		CODE           	00F9	0000	25

DHT11.c estimated size: 130

shared
		__initialization		CODE           	0011	0000	13

shared estimated size: 13

user.c
		_RxMode        		CODE           	0151	0000	6
		_ActualizarMEFtemp		CODE           	001F	0000	80
		_IniciarMEFtemp		CODE           	0156	0000	5
		_tickRead      		CODE           	013D	0000	14
		_uartConfig    		CODE           	0129	0000	21
		_initApp       		CODE           	00D5	0000	37

user.c estimated size: 163

main.c
		_main          		CODE           	014A	0000	8

main.c estimated size: 8

